[    0.000000] Initializing cgroup subsys cpuset
[    0.000000] Initializing cgroup subsys cpu
[    0.000000] Initializing cgroup subsys cpuacct
[    0.000000] Linux version 4.4.0-210-generic (buildd@lgw01-amd64-009) (gcc version 5.4.0 20160609 (Ubuntu 5.4.0-6ubuntu1~16.04.12) ) #242-Ubuntu SMP Fri Apr 16 09:57:56 UTC 2021 (Ubuntu 4.4.0-210.242-generic 4.4.262)
[    0.000000] Command line: BOOT_IMAGE=/boot/vmlinuz-4.4.0-210-generic root=LABEL=cloudimg-rootfs ro console=tty1 console=ttyS0
[    0.000000] KERNEL supported cpus:
[    0.000000]   Intel GenuineIntel
[    0.000000]   AMD AuthenticAMD
[    0.000000]   Centaur CentaurHauls
[    0.000000] x86/fpu: Legacy x87 FPU detected.
[    0.000000] e820: BIOS-provided physical RAM map:
[    0.000000] BIOS-e820: [mem 0x0000000000000000-0x000000000009fbff] usable
[    0.000000] BIOS-e820: [mem 0x000000000009fc00-0x000000000009ffff] reserved
[    0.000000] BIOS-e820: [mem 0x00000000000f0000-0x00000000000fffff] reserved
[    0.000000] BIOS-e820: [mem 0x0000000000100000-0x000000003ffeffff] usable
[    0.000000] BIOS-e820: [mem 0x000000003fff0000-0x000000003fffffff] ACPI data
[    0.000000] BIOS-e820: [mem 0x00000000fec00000-0x00000000fec00fff] reserved
[    0.000000] BIOS-e820: [mem 0x00000000fee00000-0x00000000fee00fff] reserved
[    0.000000] BIOS-e820: [mem 0x00000000fffc0000-0x00000000ffffffff] reserved
[    0.000000] NX (Execute Disable) protection: active
[    0.000000] SMBIOS 2.5 present.
[    0.000000] Hypervisor detected: KVM
[    0.000000] Kernel/User page tables isolation: disabled
[    0.000000] e820: last_pfn = 0x3fff0 max_arch_pfn = 0x400000000
[    0.000000] MTRR: Disabled
[    0.000000] x86/PAT: MTRRs disabled, skipping PAT initialization too.
[    0.000000] CPU MTRRs all blank - virtualized system.
[    0.000000] x86/PAT: Configuration [0-7]: WB  WT  UC- UC  WB  WT  UC- UC  
[    0.000000] found SMP MP-table at [mem 0x0009fff0-0x0009ffff] mapped at [ffff88000009fff0]
[    0.000000] Scanning 1 areas for low memory corruption
[    0.000000] RAMDISK: [mem 0x362dc000-0x37165fff]
[    0.000000] ACPI: Early table checksum verification disabled
[    0.000000] ACPI: RSDP 0x00000000000E0000 000024 (v02 VBOX  )
[    0.000000] ACPI: XSDT 0x000000003FFF0030 00003C (v01 VBOX   VBOXXSDT 00000001 ASL  00000061)
[    0.000000] ACPI: FACP 0x000000003FFF00F0 0000F4 (v04 VBOX   VBOXFACP 00000001 ASL  00000061)
[    0.000000] ACPI: DSDT 0x000000003FFF0470 002325 (v02 VBOX   VBOXBIOS 00000002 INTL 20100528)
[    0.000000] ACPI: FACS 0x000000003FFF0200 000040
[    0.000000] ACPI: FACS 0x000000003FFF0200 000040
[    0.000000] ACPI: APIC 0x000000003FFF0240 00005C (v02 VBOX   VBOXAPIC 00000001 ASL  00000061)
[    0.000000] ACPI: SSDT 0x000000003FFF02A0 0001CC (v01 VBOX   VBOXCPUT 00000002 INTL 20100528)
[    0.000000] No NUMA configuration found
[    0.000000] Faking a node at [mem 0x0000000000000000-0x000000003ffeffff]
[    0.000000] NODE_DATA(0) allocated [mem 0x3ffeb000-0x3ffeffff]
[    0.000000] kvm-clock: Using msrs 4b564d01 and 4b564d00
[    0.000000] kvm-clock: cpu 0, msr 0:3ffe3001, primary cpu clock
[    0.000000] kvm-clock: using sched offset of 3514492659 cycles
[    0.000000] clocksource: kvm-clock: mask: 0xffffffffffffffff max_cycles: 0x1cd42e4dffb, max_idle_ns: 881590591483 ns
[    0.000000] Zone ranges:
[    0.000000]   DMA      [mem 0x0000000000001000-0x0000000000ffffff]
[    0.000000]   DMA32    [mem 0x0000000001000000-0x000000003ffeffff]
[    0.000000]   Normal   empty
[    0.000000]   Device   empty
[    0.000000] Movable zone start for each node
[    0.000000] Early memory node ranges
[    0.000000]   node   0: [mem 0x0000000000001000-0x000000000009efff]
[    0.000000]   node   0: [mem 0x0000000000100000-0x000000003ffeffff]
[    0.000000] Initmem setup node 0 [mem 0x0000000000001000-0x000000003ffeffff]
[    0.000000] ACPI: PM-Timer IO Port: 0x4008
[    0.000000] IOAPIC[0]: apic_id 2, version 32, address 0xfec00000, GSI 0-23
[    0.000000] ACPI: INT_SRC_OVR (bus 0 bus_irq 0 global_irq 2 dfl dfl)
[    0.000000] ACPI: INT_SRC_OVR (bus 0 bus_irq 9 global_irq 9 low level)
[    0.000000] Using ACPI (MADT) for SMP configuration information
[    0.000000] smpboot: Allowing 2 CPUs, 0 hotplug CPUs
[    0.000000] PM: Registered nosave memory: [mem 0x00000000-0x00000fff]
[    0.000000] PM: Registered nosave memory: [mem 0x0009f000-0x0009ffff]
[    0.000000] PM: Registered nosave memory: [mem 0x000a0000-0x000effff]
[    0.000000] PM: Registered nosave memory: [mem 0x000f0000-0x000fffff]
[    0.000000] e820: [mem 0x40000000-0xfebfffff] available for PCI devices
[    0.000000] Booting paravirtualized kernel on KVM
[    0.000000] clocksource: refined-jiffies: mask: 0xffffffff max_cycles: 0xffffffff, max_idle_ns: 7645519600211568 ns
[    0.000000] setup_percpu: NR_CPUS:512 nr_cpumask_bits:512 nr_cpu_ids:2 nr_node_ids:1
[    0.000000] PERCPU: Embedded 33 pages/cpu @ffff88003fc00000 s95192 r8192 d31784 u1048576
[    0.000000] Built 1 zonelists in Node order, mobility grouping on.  Total pages: 257912
[    0.000000] Policy zone: DMA32
[    0.000000] Kernel command line: BOOT_IMAGE=/boot/vmlinuz-4.4.0-210-generic root=LABEL=cloudimg-rootfs ro console=tty1 console=ttyS0
[    0.000000] PID hash table entries: 4096 (order: 3, 32768 bytes)
[    0.000000] Memory: 997792K/1048120K available (8644K kernel code, 1332K rwdata, 4044K rodata, 1492K init, 1164K bss, 50328K reserved, 0K cma-reserved)
[    0.000000] SLUB: HWalign=64, Order=0-3, MinObjects=0, CPUs=2, Nodes=1
[    0.000000] Hierarchical RCU implementation.
[    0.000000] 	Build-time adjustment of leaf fanout to 64.
[    0.000000] 	RCU restricting CPUs from NR_CPUS=512 to nr_cpu_ids=2.
[    0.000000] RCU: Adjusting geometry for rcu_fanout_leaf=64, nr_cpu_ids=2
[    0.000000] NR_IRQS:33024 nr_irqs:440 16
[    0.000000] Console: colour VGA+ 80x25
[    0.000000] console [tty1] enabled
[    0.000000] console [ttyS0] enabled
[    0.000000] tsc: Detected 2903.996 MHz processor
[    0.436167] Calibrating delay loop (skipped) preset value.. 5807.99 BogoMIPS (lpj=11615984)
[    0.442103] pid_max: default: 32768 minimum: 301
[    0.445309] ACPI: Core revision 20150930
[    0.448959] ACPI: 2 ACPI AML tables successfully acquired and loaded
[    0.453962] Security Framework initialized
[    0.456827] Yama: becoming mindful.
[    0.459431] AppArmor: AppArmor initialized
[    0.462374] Dentry cache hash table entries: 131072 (order: 8, 1048576 bytes)
[    0.469744] Inode-cache hash table entries: 65536 (order: 7, 524288 bytes)
[    0.476398] Mount-cache hash table entries: 2048 (order: 2, 16384 bytes)
[    0.481041] Mountpoint-cache hash table entries: 2048 (order: 2, 16384 bytes)
[    0.488523] Initializing cgroup subsys io
[    0.491590] Initializing cgroup subsys memory
[    0.494888] Initializing cgroup subsys devices
[    0.498371] Initializing cgroup subsys freezer
[    0.502380] Initializing cgroup subsys net_cls
[    0.505719] Initializing cgroup subsys perf_event
[    0.509483] Initializing cgroup subsys net_prio
[    0.514311] Initializing cgroup subsys hugetlb
[    0.517826] Initializing cgroup subsys pids
[    0.522268] mce: CPU supports 0 MCE banks
[    0.525611] Last level iTLB entries: 4KB 64, 2MB 8, 4MB 8
[    0.529464] Last level dTLB entries: 4KB 64, 2MB 0, 4MB 0, 1GB 4
[    0.535035] Spectre V1 : Mitigation: usercopy/swapgs barriers and __user pointer sanitization
[    0.542868] Spectre V2 : Mitigation: Enhanced IBRS
[    0.546351] Spectre V2 : Spectre v2 / SpectreRSB mitigation: Filling RSB on context switch
[    0.553748] Speculative Store Bypass: Vulnerable
[    0.586996] Freeing SMP alternatives memory: 36K
[    0.654483] ftrace: allocating 32380 entries in 127 pages
[    1.081869] smpboot: APIC(0) Converting physical 0 to logical package 0
[    1.086320] smpboot: Max logical packages: 1
[    1.100256] ..TIMER: vector=0x30 apic1=0 pin1=2 apic2=-1 pin2=-1
[    1.213104] smpboot: CPU0: Intel(R) Core(TM) i5-10400F CPU @ 2.90GHz (family: 0x6, model: 0xa5, stepping: 0x3)
[    1.220545] Performance Events: unsupported p6 CPU model 165 no PMU driver, software events only.
[    1.294558] KVM setup paravirtual spinlock
[    1.299182] x86: Booting SMP configuration:
[    1.302224] .... node  #0, CPUs:      #1
[    1.306077] kvm-clock: cpu 1, msr 0:3ffe3041, secondary cpu clock
[    1.309988] mce: CPU supports 0 MCE banks
[    1.313430] TSC synchronization [CPU#0 -> CPU#1]:
[    1.316707] Measured 39798 cycles TSC warp between CPUs, turning off TSC clock.
[    1.321892] tsc: Marking TSC unstable due to check_tsc_sync_source failed
[    0.436934] x86: Booted up 1 node, 2 CPUs
[    0.439761] smpboot: Total of 2 processors activated (11615.98 BogoMIPS)
[    0.441824] devtmpfs: initialized
[    0.445835] evm: security.selinux
[    0.448004] evm: security.SMACK64
[    0.450319] evm: security.SMACK64EXEC
[    0.452002] evm: security.SMACK64TRANSMUTE
[    0.456002] evm: security.SMACK64MMAP
[    0.458669] evm: security.ima
[    0.460006] evm: security.capability
[    0.464213] clocksource: jiffies: mask: 0xffffffff max_cycles: 0xffffffff, max_idle_ns: 7645041785100000 ns
[    0.468013] futex hash table entries: 512 (order: 3, 32768 bytes)
[    0.472291] pinctrl core: initialized pinctrl subsystem
[    0.476307] RTC time: 18:32:29, date: 02/19/23
[    0.480737] NET: Registered protocol family 16
[    0.496008] cpuidle: using governor ladder
[    0.508006] cpuidle: using governor menu
[    0.510655] PCCT header not found.
[    0.512160] ACPI: bus type PCI registered
[    0.514836] acpiphp: ACPI Hot Plug PCI Controller Driver version: 0.5
[    0.516356] PCI: Using configuration type 1 for base access
[    0.540175] ACPI: Added _OSI(Module Device)
[    0.542988] ACPI: Added _OSI(Processor Device)
[    0.544002] ACPI: Added _OSI(3.0 _SCP Extensions)
[    0.548003] ACPI: Added _OSI(Processor Aggregator Device)
[    0.552972] ACPI: Executed 1 blocks of module-level executable AML code
[    0.560771] ACPI: Interpreter enabled
[    0.563331] ACPI: (supports S0 S5)
[    0.564002] ACPI: Using IOAPIC for interrupt routing
[    0.568279] PCI: Using host bridge windows from ACPI; if necessary, use "pci=nocrs" and report a bug
[    0.580284] ACPI: PCI Root Bridge [PCI0] (domain 0000 [bus 00-ff])
[    0.584000] acpi PNP0A03:00: _OSC: OS supports [ASPM ClockPM Segments MSI]
[    0.588022] acpi PNP0A03:00: _OSC: not requesting OS control; OS requires [ExtendedConfig ASPM ClockPM MSI]
[    0.592012] acpi PNP0A03:00: fail to add MMCONFIG information, can't access extended PCI configuration space under this bridge.
[    0.596583] PCI host bridge to bus 0000:00
[    0.600004] pci_bus 0000:00: root bus resource [io  0x0000-0x0cf7 window]
[    0.604003] pci_bus 0000:00: root bus resource [io  0x0d00-0xffff window]
[    0.608004] pci_bus 0000:00: root bus resource [mem 0x000a0000-0x000bffff window]
[    0.612004] pci_bus 0000:00: root bus resource [mem 0x40000000-0xfdffffff window]
[    0.616004] pci_bus 0000:00: root bus resource [bus 00-ff]
[    0.626426] pci 0000:00:01.1: legacy IDE quirk: reg 0x10: [io  0x01f0-0x01f7]
[    0.628003] pci 0000:00:01.1: legacy IDE quirk: reg 0x14: [io  0x03f6]
[    0.632003] pci 0000:00:01.1: legacy IDE quirk: reg 0x18: [io  0x0170-0x0177]
[    0.636003] pci 0000:00:01.1: legacy IDE quirk: reg 0x1c: [io  0x0376]
[    0.656230] pci 0000:00:07.0: quirk: [io  0x4000-0x403f] claimed by PIIX4 ACPI
[    0.660033] pci 0000:00:07.0: quirk: [io  0x4100-0x410f] claimed by PIIX4 SMB
[    0.671144] ACPI: PCI Interrupt Link [LNKA] (IRQs 5 9 10 *11)
[    0.676191] ACPI: PCI Interrupt Link [LNKB] (IRQs 5 9 *10 11)
[    0.684178] ACPI: PCI Interrupt Link [LNKC] (IRQs 5 *9 10 11)
[    0.693677] ACPI: PCI Interrupt Link [LNKD] (IRQs 5 9 10 *11)
[    0.698512] ACPI: Enabled 2 GPEs in block 00 to 07
[    0.700177] vgaarb: setting as boot device: PCI:0000:00:02.0
[    0.704000] vgaarb: device added: PCI:0000:00:02.0,decodes=io+mem,owns=io+mem,locks=none
[    0.704006] vgaarb: loaded
[    0.706274] vgaarb: bridge control possible 0000:00:02.0
[    0.708337] SCSI subsystem initialized
[    0.712160] ACPI: bus type USB registered
[    0.716038] usbcore: registered new interface driver usbfs
[    0.720031] usbcore: registered new interface driver hub
[    0.724011] usbcore: registered new device driver usb
[    0.728399] PCI: Using ACPI for IRQ routing
[    0.732802] NetLabel: Initializing
[    0.736002] NetLabel:  domain hash size = 128
[    0.739065] NetLabel:  protocols = UNLABELED CIPSOv4
[    0.740015] NetLabel:  unlabeled traffic allowed by default
[    0.744113] amd_nb: Cannot enumerate AMD northbridges
[    0.748221] clocksource: Switched to clocksource kvm-clock
[    0.767066] AppArmor: AppArmor Filesystem Enabled
[    0.767066] pnp: PnP ACPI init
[    0.767066] pnp: PnP ACPI: found 3 devices
[    0.816724] clocksource: acpi_pm: mask: 0xffffff max_cycles: 0xffffff, max_idle_ns: 2085701024 ns
[    0.820585] NET: Registered protocol family 2
[    0.826300] TCP established hash table entries: 8192 (order: 4, 65536 bytes)
[    0.831586] TCP bind hash table entries: 8192 (order: 5, 131072 bytes)
[    0.835396] TCP: Hash tables configured (established 8192 bind 8192)
[    0.835396] UDP hash table entries: 512 (order: 2, 16384 bytes)
[    0.835396] UDP-Lite hash table entries: 512 (order: 2, 16384 bytes)
[    0.835396] NET: Registered protocol family 1
[    0.835396] pci 0000:00:00.0: Limiting direct PCI/PCI transfers
[    0.835396] pci 0000:00:01.0: Activating ISA DMA hang workarounds
[    0.835396] Unpacking initramfs...
[    0.835396] Freeing initrd memory: 14888K
[    0.835396] clocksource: tsc: mask: 0xffffffffffffffff max_cycles: 0x29dc020bb13, max_idle_ns: 440795273180 ns
[    0.835396] platform rtc_cmos: registered platform RTC device (no PNP device found)
[    0.835396] Scanning for low memory corruption every 60 seconds
[    1.182736] audit: initializing netlink subsys (disabled)
[    1.186453] audit: type=2000 audit(1676831554.885:1): initialized
[    1.190650] Initialise system trusted keyring
[    1.194741] HugeTLB registered 2 MB page size, pre-allocated 0 pages
[    1.201219] zbud: loaded
[    1.203873] VFS: Disk quotas dquot_6.6.0
[    1.206914] VFS: Dquot-cache hash table entries: 512 (order 0, 4096 bytes)
[    1.211643] squashfs: version 4.0 (2009/01/31) Phillip Lougher
[    1.216713] fuse init (API version 7.23)
[    1.220086] Key type big_key registered
[    1.223159] Allocating IMA MOK and blacklist keyrings.
[    1.235194] Key type asymmetric registered
[    1.238147] Asymmetric key parser 'x509' registered
[    1.241541] Block layer SCSI generic (bsg) driver version 0.4 loaded (major 249)
[    1.247384] io scheduler noop registered
[    1.250290] io scheduler deadline registered (default)
[    1.253933] io scheduler cfq registered
[    1.256945] pci_hotplug: PCI Hot Plug PCI Core version: 0.5
[    1.260751] pciehp: PCI Express Hot Plug Controller Driver version: 0.4
[    1.265659] ACPI: AC Adapter [AC] (on-line)
[    1.268784] input: Power Button as /devices/LNXSYSTM:00/LNXPWRBN:00/input/input0
[    1.273765] ACPI: Power Button [PWRF]
[    1.276859] input: Sleep Button as /devices/LNXSYSTM:00/LNXSLPBN:00/input/input1
[    1.281859] ACPI: Sleep Button [SLPF]
[    1.285389] GHES: HEST is not enabled!
[    1.288619] Serial: 8250/16550 driver, 32 ports, IRQ sharing enabled
[    1.317489] 00:02: ttyS0 at I/O 0x3f8 (irq = 4, base_baud = 115200) is a 16550A
[    1.335338] Linux agpgart interface v0.103
[    1.348393] loop: module loaded
[    1.352757] scsi host0: ata_piix
[    1.355704] scsi host1: ata_piix
[    1.358221] ata1: PATA max UDMA/33 cmd 0x1f0 ctl 0x3f6 bmdma 0xd000 irq 14
[    1.362816] ata2: PATA max UDMA/33 cmd 0x170 ctl 0x376 bmdma 0xd008 irq 15
[    1.368716] libphy: Fixed MDIO Bus: probed
[    1.371500] tun: Universal TUN/TAP device driver, 1.6
[    1.374998] tun: (C) 1999-2004 Max Krasnyansky <maxk@qualcomm.com>
[    1.379539] PPP generic driver version 2.4.2
[    1.383096] ehci_hcd: USB 2.0 'Enhanced' Host Controller (EHCI) Driver
[    1.387613] ehci-pci: EHCI PCI platform driver
[    1.390795] ehci-platform: EHCI generic platform driver
[    1.394490] ohci_hcd: USB 1.1 'Open' Host Controller (OHCI) Driver
[    1.398762] ohci-pci: OHCI PCI platform driver
[    1.401859] ohci-platform: OHCI generic platform driver
[    1.405703] uhci_hcd: USB Universal Host Controller Interface driver
[    1.410000] i8042: PNP: PS/2 Controller [PNP0303:PS2K,PNP0f03:PS2M] at 0x60,0x64 irq 1,12
[    1.418464] serio: i8042 KBD port at 0x60,0x64 irq 1
[    1.421062] serio: i8042 AUX port at 0x60,0x64 irq 12
[    1.426424] mousedev: PS/2 mouse device common for all mice
[    1.433462] rtc_cmos rtc_cmos: rtc core: registered rtc_cmos as rtc0
[    1.438071] input: AT Translated Set 2 keyboard as /devices/platform/i8042/serio0/input/input2
[    1.444515] rtc_cmos rtc_cmos: alarms up to one day, 114 bytes nvram
[    1.449082] i2c /dev entries driver
[    1.451649] device-mapper: uevent: version 1.0.3
[    1.455466] device-mapper: ioctl: 4.34.0-ioctl (2015-10-28) initialised: dm-devel@redhat.com
[    1.465144] ledtrig-cpu: registered to indicate activity on CPUs
[    1.473359] NET: Registered protocol family 10
[    1.477579] NET: Registered protocol family 17
[    1.480988] Key type dns_resolver registered
[    1.484538] registered taskstats version 1
[    1.487823] Loading compiled-in X.509 certificates
[    1.492078] Loaded X.509 cert 'Build time autogenerated kernel key: cf00e047681d67edb2720680708b7d9498083038'
[    1.499099] zswap: loaded using pool lzo/zbud
[    1.505310] Key type trusted registered
[    1.512677] Key type encrypted registered
[    1.515678] AppArmor: AppArmor sha1 policy hashing enabled
[    1.519765] ima: No TPM chip found, activating TPM-bypass!
[    1.523764] ima: Allocated hash algorithm: sha1
[    1.551034] evm: HMAC attrs: 0x1
[    1.556560]   Magic number: 11:789:544
[    1.559821] tty ttyS20: hash matches
[    1.574967] rtc_cmos rtc_cmos: setting system clock to 2023-02-19 18:32:31 UTC (1676831551)
[    1.581644] BIOS EDD facility v0.16 2004-Jun-25, 0 devices found
[    1.585965] EDD information not available.
[    1.591096] Freeing unused kernel memory: 1492K
[    1.594496] Write protecting the kernel read-only data: 14336k
[    1.599721] Freeing unused kernel memory: 1584K
[    1.603437] Freeing unused kernel memory: 52K
Loading, please wait...
starting version 229
[    1.624952] random: systemd-udevd: uninitialized urandom read (16 bytes read, 5 bits of entropy available)
[    1.625054] random: udevadm: uninitialized urandom read (16 bytes read, 5 bits of entropy available)
[    1.625067] random: udevadm: uninitialized urandom read (16 bytes read, 5 bits of entropy available)
[    1.633449] random: udevadm: uninitialized urandom read (16 bytes read, 5 bits of entropy available)
[    1.633474] random: udevadm: uninitialized urandom read (16 bytes read, 5 bits of entropy available)
[    1.633589] random: udevadm: uninitialized urandom read (16 bytes read, 5 bits of entropy available)
[    1.633620] random: udevadm: uninitialized urandom read (16 bytes read, 5 bits of entropy available)
[    1.633649] random: udevadm: uninitialized urandom read (16 bytes read, 5 bits of entropy available)
[    1.633725] random: udevadm: uninitialized urandom read (16 bytes read, 5 bits of entropy available)
[    1.633754] random: udevadm: uninitialized urandom read (16 bytes read, 5 bits of entropy available)
[    1.714741] e1000: Intel(R) PRO/1000 Network Driver - version 7.3.21-k8-NAPI
[    1.720420] e1000: Copyright (c) 1999-2006 Intel Corporation.
[    1.736569] Fusion MPT base driver 3.04.20
[    1.739820] Copyright (c) 1999-2008 LSI Corporation
[    1.774463] Fusion MPT SPI Host driver 3.04.20
[    1.981035] input: ImExPS/2 Generic Explorer Mouse as /devices/platform/i8042/serio1/input/input4
[    2.315693] e1000 0000:00:03.0 eth0: (PCI:33MHz:32-bit) 02:be:82:6b:cc:1d
[    2.321947] e1000 0000:00:03.0 eth0: Intel(R) PRO/1000 Network Connection
[    2.328536] mptbase: ioc0: Initiating bringup
[    2.416914] ioc0: LSI53C1030 A0: Capabilities={Initiator}
[    2.743451] scsi host2: ioc0: LSI53C1030 A0, FwRev=00000000h, Ports=1, MaxQ=256, IRQ=20
[    2.901972] scsi 2:0:0:0: Direct-Access     VBOX     HARDDISK         1.0  PQ: 0 ANSI: 5
[    2.908004] scsi target2:0:0: Beginning Domain Validation
[    2.916558] scsi target2:0:0: Domain Validation skipping write tests
[    2.921082] scsi target2:0:0: Ending Domain Validation
[    2.925016] scsi target2:0:0: asynchronous
[    2.943494] scsi 2:0:1:0: Direct-Access     VBOX     HARDDISK         1.0  PQ: 0 ANSI: 5
[    2.956422] scsi target2:0:1: Beginning Domain Validation
[    2.970743] scsi target2:0:1: Domain Validation skipping write tests
[    2.975430] scsi target2:0:1: Ending Domain Validation
[    2.980634] scsi target2:0:1: asynchronous
[    3.004887] sd 2:0:0:0: Attached scsi generic sg0 type 0
[    3.009497] sd 2:0:0:0: [sda] 83886080 512-byte logical blocks: (42.9 GB/40.0 GiB)
[    3.015413] sd 2:0:1:0: Attached scsi generic sg1 type 0
[    3.020187] sd 2:0:1:0: [sdb] 20480 512-byte logical blocks: (10.5 MB/10.0 MiB)
[    3.025333] sd 2:0:0:0: [sda] Write Protect is off
[    3.029488] sd 2:0:0:0: [sda] Incomplete mode parameter data
[    3.038495] sd 2:0:0:0: [sda] Assuming drive cache: write through
[    3.043162] sd 2:0:1:0: [sdb] Write Protect is off
[    3.047273] sd 2:0:1:0: [sdb] Incomplete mode parameter data
[    3.051393] sd 2:0:1:0: [sdb] Assuming drive cache: write through
[    3.058931]  sda: sda1
[    3.064316] sd 2:0:0:0: [sda] Attached SCSI disk
[    3.069784] sd 2:0:1:0: [sdb] Attached SCSI disk
[    3.514914] e1000 0000:00:08.0 eth1: (PCI:33MHz:32-bit) 08:00:27:0a:a8:d1
[    3.520332] e1000 0000:00:08.0 eth1: Intel(R) PRO/1000 Network Connection
[    3.526518] e1000 0000:00:08.0 enp0s8: renamed from eth1
[    3.551304] e1000 0000:00:03.0 enp0s3: renamed from eth0
Begin: Loading essential drivers ... [    5.270838] md: linear personality registered for level -1
[    5.278529] md: multipath personality registered for level -4
[    5.286032] md: raid0 personality registered for level 0
[    5.300967] md: raid1 personality registered for level 1
[    5.557481] raid6: sse2x1   gen() 45100 MB/s
[    7.557849] raid6: sse2x1   xor() 127322 MB/s
[    9.557128] raid6: sse2x2   gen() 268574 MB/s
[   10.630288] raid6: sse2x2   xor() 12695 MB/s
[   10.704225] raid6: sse2x4   gen() 17938 MB/s
[   10.779564] raid6: sse2x4   xor() 11648 MB/s
[   10.782960] raid6: using algorithm sse2x2 gen() 268574 MB/s
[   10.787087] raid6: .... xor() 12695 MB/s, rmw enabled
[   10.790883] raid6: using ssse3x2 recovery algorithm
[   10.797019] xor: measuring software checksum speed
[   10.836044]    prefetch64-sse: 21538.000 MB/sec
[   10.876059]    generic_sse: 20568.000 MB/sec
[   10.879477] xor: using function: prefetch64-sse (21538.000 MB/sec)
[   10.885574] async_tx: api initialized (async)
[   10.918419] md: raid6 personality registered for level 6
[   10.922561] md: raid5 personality registered for level 5
[   10.926490] md: raid4 personality registered for level 4
[   10.945571] md: raid10 personality registered for level 10
done.
Begin: Running /scripts/init-premount ... done.
Begin: Mounting root file system ... Begin: Running /scripts/local-top ... done.
Begin: Running /scripts/local-premount ... [   11.005198] Btrfs loaded
Scanning for Btrfs filesystems
done.
Warning: fsck not present, so skipping root file system
[   11.048631] EXT4-fs (sda1): mounted filesystem with ordered data mode. Opts: (null)
done.
Begin: Running /scripts/local-bottom ... done.
Begin: Running /scripts/init-bottom ... done.
[   11.215670] systemd[1]: systemd 229 running in system mode. (+PAM +AUDIT +SELINUX +IMA +APPARMOR +SMACK +SYSVINIT +UTMP +LIBCRYPTSETUP +GCRYPT +GNUTLS +ACL +XZ -LZ4 +SECCOMP +BLKID +ELFUTILS +KMOD -IDN)
[   11.228223] systemd[1]: Detected virtualization oracle.
[   11.232034] systemd[1]: Detected architecture x86-64.

Welcome to [1mUbuntu 16.04.7 LTS[0m!

[   11.244322] systemd[1]: Set hostname to <ubuntu>.
[   11.253148] systemd[1]: Initializing machine ID from random generator.
[   11.257989] systemd[1]: Installed transient /etc/machine-id file.
[   11.440031] systemd[1]: Listening on udev Kernel Socket.
[[0;32m  OK  [0m] Listening on udev Kernel Socket.
[   11.448816] systemd[1]: Listening on Journal Audit Socket.
[[0;32m  OK  [0m] Listening on Journal Audit Socket.
[   11.459922] systemd[1]: Listening on Journal Socket (/dev/log).
[[0;32m  OK  [0m] Listening on Journal Socket (/dev/log).
[   11.469996] systemd[1]: Reached target Encrypted Volumes.
[[0;32m  OK  [0m] Reached target Encrypted Volumes.
[   11.478298] systemd[1]: Listening on /dev/initctl Compatibility Named Pipe.
[[0;32m  OK  [0m] Listening on /dev/initctl Compatibility Named Pipe.
[   11.488161] systemd[1]: Created slice User and Session Slice.
[[0;32m  OK  [0m] Created slice User and Session Slice.
[   11.496938] systemd[1]: Listening on Syslog Socket.
[[0;32m  OK  [0m] Listening on Syslog Socket.
[   11.505151] systemd[1]: Created slice System Slice.
[[0;32m  OK  [0m] Created slice System Slice.
[   11.512968] systemd[1]: Reached target Slices.
[[0;32m  OK  [0m] Reached target Slices.
[   11.520663] systemd[1]: Started Trigger resolvconf update for networkd DNS.
[[0;32m  OK  [0m] Started Trigger resolvconf update for networkd DNS.
[   11.530225] systemd[1]: Started Forward Password Requests to Wall Directory Watch.
[[0;32m  OK  [0m] Started Forward Password Requests to Wall Directory Watch.
[   11.541075] systemd[1]: Listening on udev Control Socket.
[[0;32m  OK  [0m] Listening on udev Control Socket.
[   11.549402] systemd[1]: Reached target System Time Synchronized.
[[0;32m  OK  [0m] Reached target System Time Synchronized.
[   11.558212] systemd[1]: Set up automount Arbitrary Executable File Formats File System Automount Point.
[[0;32m  OK  [0m] Set up automount Arbitrary Executab...ats File System Automount Point.
[   11.569891] systemd[1]: Listening on Device-mapper event daemon FIFOs.
[[0;32m  OK  [0m] Listening on Device-mapper event daemon FIFOs.
[   11.578967] systemd[1]: Listening on LVM2 metadata daemon socket.
[[0;32m  OK  [0m] Listening on LVM2 metadata daemon socket.
[   11.588078] systemd[1]: Listening on fsck to fsckd communication Socket.
[[0;32m  OK  [0m] Listening on fsck to fsckd communication Socket.
[   11.597996] systemd[1]: Reached target Swap.
[[0;32m  OK  [0m] Reached target Swap.
[   11.605520] systemd[1]: Listening on LVM2 poll daemon socket.
[[0;32m  OK  [0m] Listening on LVM2 poll daemon socket.
[   11.614377] systemd[1]: Created slice system-serial\x2dgetty.slice.
[[0;32m  OK  [0m] Created slice system-serial\x2dgetty.slice.
[   11.623598] systemd[1]: Reached target User and Group Name Lookups.
[[0;32m  OK  [0m] Reached target User and Group Name Lookups.
[   11.632825] systemd[1]: Listening on Journal Socket.
[[0;32m  OK  [0m] Listening on Journal Socket.
[   11.656701] systemd[1]: Starting Set console keymap...
         Starting Set console keymap...
[   11.666847] systemd[1]: Starting Create list of required static device nodes for the current kernel...
         Starting Create list of required st... nodes for the current kernel...
[   11.682324] systemd[1]: Starting Load Kernel Modules...
         Starting Load Kernel Modules...
[   11.694048] systemd[1]: Mounting POSIX Message Queue File System...
         Mounting POSIX Message Queue File System...
[   11.704109] systemd[1]: Starting Uncomplicated firewall...
[   11.709829] Loading iSCSI transport class v2.0-870.
         Starting Uncomplicated firewall...
[   11.718428] systemd[1]: Starting Nameserver information manager...
         Starting Nameserver information manager...
[   11.730220] systemd[1]: Mounting Debug File System...
         Mounting Debug File System...
[   11.739315] systemd[1]: Starting File System Check on Root Device...
         Starting File System Check on Root Device...
[   11.749773] systemd[1]: Mounting Huge Pages File System...
[   11.752196] iscsi: registered transport (tcp)
         Mounting Huge Pages File System...
[   11.765181] systemd[1]: Starting Monitoring of LVM2 mirrors, snapshots etc. using dmeventd or progress polling...
         Starting Monitoring of LVM2 mirrors... dmeventd or progress polling...
[   11.781678] systemd[1]: Starting Journal Service...
         Starting Journal Service...
[   11.817988] systemd[1]: Mounted Huge Pages File System.
[[0;32m  OK  [0m] Mounted Huge Pages File System.
[   11.833623] systemd[1]: Mounted POSIX Message Queue File System.
[[0;32m  OK  [0m] Mounted POSIX Message Queue File System.
[   11.844633] systemd[1]: Mounted Debug File System.
[[0;32m  OK  [0m] Mounted Debug File System.
[   11.853917] iscsi: registered transport (iser)
[   11.854172] systemd[1]: Started Journal Service.
[[0;32m  OK  [0m] Started Journal Service.
[[0;32m  OK  [0m] Started Set console keymap.
[[0;32m  OK  [0m] Started Create list of required sta...ce nodes for the current kernel.
[[0;32m  OK  [0m] Started Load Kernel Modules.
[[0;32m  OK  [0m] Started Uncomplicated firewall.
[[0;32m  OK  [0m] Started File System Check on Root Device.
[[0;32m  OK  [0m] Started Nameserver information manager.
[[0;32m  OK  [0m] Started LVM2 metadata daemon.
[[0;32m  OK  [0m] Started File System Check Daemon to report status.
         Starting Remount Root and Kernel File Systems...
         Mounting FUSE Control File System...[   11.938124] EXT4-fs (sda1): re-mounted. Opts: (null)

         Starting Apply Kernel Variables...
         Starting Create Static Device Nodes in /dev...
[[0;32m  OK  [0m] Mounted FUSE Control File System.
[[0;32m  OK  [0m] Started Remount Root and Kernel File Systems.
[[0;32m  OK  [0m] Started Apply Kernel Variables.
[[0;32m  OK  [0m] Started Create Static Device Nodes in /dev.
         Starting udev Kernel Device Manager...
         Starting Load/Save Random Seed...
         Starting udev Coldplug all Devices...
         Starting Flush Journal to Persistent Storage...
[[0;32m  OK  [0m] Started Load/Save Random Seed.
[[0;32m  OK  [0m] Started Flush Journal to Persistent Storage.
[[0;32m  OK  [0m] Started udev Kernel Device Manager.
[[0;32m  OK  [0m] Started udev Coldplug all Devices.
[[0;32m  OK  [0m] Started Dispatch Password Requests to Console Directory Watch.
[[0;32m  OK  [0m] Found device /dev/ttyS0.
[[0;32m  OK  [0m] Listening on Load/Save RF Kill Switch Status /dev/rfkill Watch.
[[0;32m  OK  [0m] Started Monitoring of LVM2 mirrors,...ng dmeventd or progress polling.
[[0;32m  OK  [0m] Reached target Local File Systems (Pre).
[[0;32m  OK  [0m] Reached target Local File Systems.
         Starting LSB: AppArmor initialization...
         Starting Tell Plymouth To Write Out Runtime Data...
         Starting Create Volatile Files and Directories...
         Starting Initial cloud-init job (pre-networking)...
         Starting Set console font and keymap...
         Starting Commit a transient machine-id on disk...
[[0;32m  OK  [0m] Started Tell Plymouth To Write Out Runtime Data.
[[0;32m  OK  [0m] Started Create Volatile Files and Directories.
[[0;32m  OK  [0m] Started Commit a transient machine-id on disk.
         Starting Update UTMP about System Boot/Shutdown...
[[0;32m  OK  [0m] Started Update UTMP about System Boot/Shutdown.
[[0;32m  OK  [0m] Started Set console font and keymap.
[[0;32m  OK  [0m] Created slice system-getty.slice.
[[0;32m  OK  [0m] Started LSB: AppArmor initialization.
         Starting Load AppArmor profiles managed internally by snapd...
[[0;32m  OK  [0m] Started Load AppArmor profiles managed internally by snapd.
[   14.262151] cloud-init[598]: Cloud-init v. 21.1-19-gbad84ad4-0ubuntu1~16.04.2 running 'init-local' at Sun, 19 Feb 2023 18:32:43 +0000. Up 14.03 seconds.
[[0;32m  OK  [0m] Started Initial cloud-init job (pre-networking).
[[0;32m  OK  [0m] Reached target Network (Pre).
         Starting Raise network interfaces...
[[0;32m  OK  [0m] Started Raise network interfaces.
         Starting Initial cloud-init job (metadata service crawler)...
[[0;32m  OK  [0m] Reached target Network.
[   15.369691] cloud-init[930]: Cloud-init v. 21.1-19-gbad84ad4-0ubuntu1~16.04.2 running 'init' at Sun, 19 Feb 2023 18:32:44 +0000. Up 14.76 seconds.
[   15.377665] cloud-init[930]: ci-info: ++++++++++++++++++++++++++++++++++++++Net device info+++++++++++++++++++++++++++++++++++++++
[   15.386154] cloud-init[930]: ci-info: +--------+-------+----------------------------+---------------+--------+-------------------+
[   15.395247] cloud-init[930]: ci-info: | Device |   Up  |          Address           |      Mask     | Scope  |     Hw-Address    |
[   15.403162] cloud-init[930]: ci-info: +--------+-------+----------------------------+---------------+--------+-------------------+
[[0;32m  OK  [0m] Started Initial cloud-init job (metadata service crawler).
[   15.411266] [[0;32m  OK  [0m] Reached target System Initialization.
[[0;32m  OK  [0m] Listening on ACPID Listen Socket.
[[0;32m  OK  [0m] Started Message of the Day.
[[0;32m  OK  [0m] Started Daily apt download activities.
cloud-init[[0;32m  OK  [0m] Started ACPI Events Check.
[[0;32m  OK  [0m] Reached target Paths.
         Starting Socket activation for snappy daemon.
[[0;32m  OK  [0m] Listening on UUID daemon activation socket.
[930]:          Starting LXD - unix socket.
[[0;32m  OK  [0m] Started Daily apt upgrade and clean activities.
[[0;32m  OK  [0m] Started Daily Cleanup of Temporary Directories.
[[0;32m  OK  [0m] Listening on D-Bus System Message Bus Socket.
[[0;32m  OK  [0m] Started Ubuntu Advantage update messaging.
[[0;32m  OK  [0m] Reached target Timers.
[[0;32m  OK  [0m] Reached target Network is Online.
ci-info: | enp0s3 |  True |         10.0.2.15          | 255.255.255.0 | global | 02:be:82:6b:cc:1d |
[   15.434010] cloud-init[930]: ci-info: | enp0s3 |  True | fe80::be:82ff:fe6b:cc1d/64 |       .       |  link  | 02:be:82:6b:cc:1d |
[   15.440861] cloud-init[930]: ci-info: | enp0s8 | False |             .              |       .       |   .    | 08:00:27:0a:a8:d1 |
[   15.448563]          Starting iSCSI initiator daemon (iscsid)...
[[0;32m  OK  [0m] Reached target Cloud-config availability.
[[0;32m  OK  [0m] Listening on Socket activation for snappy daemon.
[[0;32m  OK  [0m] Listening on LXD - unix socket.
[[0;32m  OK  [0m] Reached target Sockets.
[[0;32m  OK  [0m] Reached target Basic System.
         Starting /etc/rc.local Compatibility...
[[0;32m  OK  [0m] Started D-Bus System Message Bus.
cloud-init[930]: ci-info: |   lo   |  True |         127.0.0.1          |   255.0.0.0   |  host  |         .         |
[   15.465316] cloud-init[930]: ci-info: |   lo   |  True |          ::1/128           |       .       |  host  |         .         |
[   15.475703] cloud-init[930]: ci-info: +--------+-------+----------------------------+---------------+--------+-------------------+
[   15.484963] cloud-init[930]: ci-info: +++++++++++++++++++++++++++Route IPv4 info++++++++++++++++++++++++++++
[   15.493804] cloud-init[930]: ci-info: +-------+-------------+----------+---------------+-----------+-------+
[   15.503694] cloud-init[930]: ci-info: | Route | Destination | Gateway  |    Genmask    | Interface | Flags |
[   15.509877] cloud-init[930]: ci-info: +-------+-------------+----------+---------------+-----------+-------+
[   15.516113] cloud-init[930]: ci-info: |   0   |   0.0.0.0   | 10.0.2.2 |    0.0.0.0    |   enp0s3  |   UG  |
[   15.522329] cloud-init[930]: ci-info: |   1   |   10.0.2.0  | 0.0.0.0  | 255.255.255.0 |   enp0s3  |   U   |
[   15.528311]          Starting LSB: MD monitoring daemon...
cloud-init[930]: ci-info: +-------+-------------+----------+---------------+-----------+-------+
[   15.532917] cloud-init[930]: ci-info: +++++++++++++++++++Route IPv6 info+++++++++++++++++++
[   15.533236] cloud-init[930]: ci-info: +-------+-------------+---------+-----------+-------+
[   15.533746] cloud-init[930]: ci-info: | Route | Destination | Gateway | Interface | Flags |
[   15.533976] cloud-init[930]: ci-info: +-------+-------------+---------+-----------+-------+
[   15.534217] cloud-init[930]: ci-info: |   0   |  fe80::/64  |    ::   |   enp0s3  |   U   |
[   15.534472] cloud-init[930]: ci-info: |   3   |   ff00::/8  |    ::   |   enp0s3  |   U   |
[   15.534706] cloud-init[930]: ci-info: +-------+-------------+---------+-----------+-------+
[   15.534950] cloud-init[930]: Generating public/private rsa key pair.
[   15.535191] cloud-init[930]: Your identification has been saved in /etc/ssh/ssh_host_rsa_key.
[   15.535457] cloud-init[930]: Your public key has been saved in /etc/ssh/ssh_host_rsa_key.pub.
[   15.535712] cloud-init[930]: The key fingerprint is:
[[0;32m  OK  [0m] Started ACPI event daemon.
         Starting Login Service...
         Starting LXD - container startup/shutdown...
[[0;32m  OK  [0m] Started Deferred execution scheduler.
         Starting LSB: Record successful boot for GRUB...
         Starting System Logging Service...
[   15.535950] cloud-init[930]: SHA256:WXLPWD26UPE57mTxg5TGTahdVESW+piIaWjwhfYZPi4 root@ubuntu-xenial
[[0;32m  OK  [0m] Started Regular background program processing daemon.
         Starting Snap Daemon...
[[0;32m  OK  [0m] Started FUSE filesystem for LXC.
         Starting Accounts Service...
[   15.568260]          Starting Pollinate to seed the pseudo random number generator...
         Starting Virtualbox guest utils...
[[0;32m  OK  [0m] Started /etc/rc.local Compatibility.
cloud-init[[0;32m  OK  [0m] Started Login Service.
[[0;32m  OK  [0m] Started Unattended Upgrades Shutdown.
[930]: The key's randomart image is:[[0;32m  OK  [0m] Started iSCSI initiator daemon (iscsid).
         Starting Login to default iSCSI targets...

[   15.649118] cloud-init[930]: +---[RSA 2048]----+
[   15.654294] cloud-init[930]: |            . o=B|
[[0;32m  OK  [0m] Started LSB: MD monitoring daemon.
[[0;32m  OK  [0m] Started System Logging Service.
[   15.691059] cloud-init[930]: |            .=+= |
[[0;32m  OK  [0m] Started LSB: Record successful boot for GRUB.
[   15.705540] cloud-init[930]: |        o o ==X. |
[   15.712548] cloud-init[930]: |     . o B Bo=.= |
[   15.721199] cloud-init[930]: |      + S B =.B..|
[   15.731720] [[0;32m  OK  [0m] Started Login to default iSCSI targets.
[[0;32m  OK  [0m] Reached target Remote File Systems (Pre).
[[0;32m  OK  [0m] Reached target Remote File Systems.
         Starting LSB: automatic crash report generation...
         Starting LSB: daemon to balance interrupts for SMP systems...
         Starting Permit User Sessions...
         Starting LSB: Set the CPU Frequency Scaling governor to "ondemand"...
cloud-init[[0;32m  OK  [0m] Started Permit User Sessions.
[930]: |       + O o B ..|
         Starting Terminate Plymouth Boot Screen...
         Starting Hold until boot process finishes up...
[[0;32m  OK  [0m] Started Hold until boot process finishes up.
[[0;32m  OK  [0m] Started Getty on tty1.
[   15.817780]          Starting Set console scheme...
cloud-init[[0;32m  OK  [0m] Started Serial Getty on ttyS0.
[[0;32m  OK  [0m] Reached target Login Prompts.
[[0;32m  OK  [0m] Started LSB: automatic crash report generation.
[[0;32m  OK  [0m] Started Terminate Plymouth Boot Screen.
[[0;32m  OK  [0m] Started Set console scheme.
[930]: |      . o . . .  |
[   15.851272] cloud-init[930]: |       E .       |
[[0;32m  OK  [0m] Started LSB: Set the CPU Frequency Scaling governor to "ondemand".
[[0;32m  OK  [0m] Started LSB: daemon to balance interrupts for SMP systems.
         Starting Authenticate and Authorize Users to Run Privileged Tasks...
[   15.872455] cloud-init[930]: |        .        |
[   15.897041] cloud-init[930]: +----[SHA256]-----+
[   15.914719] cloud-init[930]: Generating public/private dsa key pair.
[   15.931520] cloud-init[930]: Your identification has been saved in /etc/ssh/ssh_host_dsa_key.
[[0;32m  OK  [0m] Started Authenticate and Authorize Users to Run Privileged Tasks.
[   15.946346] cloud-init[930]: Your public key has been saved in /etc/ssh/ssh_host_dsa_key.pub.
[   15.959132] cloud-init[930]: The key fingerprint is:
[[0;32m  OK  [0m] Started Accounts Service.
[   15.966654] cloud-init[930]: SHA256:1v9GuN2PPY86xCuexllDLfVYtbSpjW/V650H1wzLnG4 root@ubuntu-xenial
[[   15.988874] cloud-init[930]: The key's randomart image is:
[   15.989003] cloud-init[930]: +---[DSA 1024]----+
[   15.989301] cloud-init[930]: |               .o|
[   15.989504] cloud-init[930]: |              o =|
[0;32m  OK  [0m] Started Virtualbox guest utils.
[   15.990906] cloud-init[930]: |             o B |
[   16.001740] cloud-init[930]: |         .  o B o|
[   16.006366] cloud-init[930]: |        S .o B *+|
[   16.010392] cloud-init[930]: |       .   .* O *|
[   16.013726] cloud-init[930]: |         . +.B B |
[   16.017403] cloud-init[930]: |          =.+.E==|
[[0;32m  OK  [0m] Started LXD - container startup/shutdown.
[   16.020882] cloud-init[930]: |         oo..=+oX|
[   16.026164] cloud-init[930]: +----[SHA256]-----+
[   16.029856] cloud-init[930]: Generating public/private ecdsa key pair.
[   16.035121] cloud-init[930]: Your identification has been saved in /etc/ssh/ssh_host_ecdsa_key.
[   16.041142] cloud-init[930]: Your public key has been saved in /etc/ssh/ssh_host_ecdsa_key.pub.
[   16.052427] cloud-init[930]: The key fingerprint is:
[   16.061007] cloud-init[930]: SHA256:FT77QpdSagAKJlfXqkmYyjqqrfEh7+n8d7+p/8WUPhY root@ubuntu-xenial
[   16.068482] cloud-init[930]: The key's randomart image is:
[   16.077278] cloud-init[930]: +---[ECDSA 256]---+
[   16.085938] cloud-init[930]: |. +.. o.  .      |
[   16.093670] cloud-init[930]: | + . o ... .     |
[   16.101232] cloud-init[930]: |   o.  .. + .    |
[   16.108669] cloud-init[930]: |  o . .  o = . . |
[   16.116451] cloud-init[930]: |.. . o  S * o E  |
[   16.125482] cloud-init[930]: |..  o    o + + . |
[   16.133719] cloud-init[930]: |+ .       . . *  |
[   16.144282] cloud-init[930]: |oB o  . .  o o . |
[   16.155314] cloud-init[930]: |*=O... ..+=o.    |
[   16.164635] cloud-init[930]: +----[SHA256]-----+
[   16.170727] cloud-init[930]: Generating public/private ed25519 key pair.
[   16.177430] cloud-init[930]: Your identification has been saved in /etc/ssh/ssh_host_ed25519_key.
[   16.185259] cloud-init[930]: Your public key has been saved in /etc/ssh/ssh_host_ed25519_key.pub.
[   16.191198] cloud-init[930]: The key fingerprint is:
[   16.198421] cloud-init[930]: SHA256:LY2ZbJHwmcDufaq+ztMbzXMW6JQOKOJNliGeMUKKL0k root@ubuntu-xenial
[   16.205535] cloud-init[930]: The key's randomart image is:
[   16.211257] cloud-init[930]: +--[ED25519 256]--+
[   16.216607] cloud-init[930]: | .   .o          |
[   16.221801] cloud-init[930]: |+     .+ +       |
[   16.227201] cloud-init[930]: |+E+ ..  *        |
[   16.233804] cloud-init[930]: |.= = o.o B o     |
[   16.243852] cloud-init[930]: |o = =...S * .    |
[   16.252891] cloud-init[930]: | o = ....O.  .   |
[   16.260404] cloud-init[930]: |  . .  ..o* o    |
[   16.268496] cloud-init[930]: |     .. o. +     |
[   16.277473] cloud-init[930]: |     o*+..       |
[   16.284237] cloud-init[930]: +----[SHA256]-----+
[[0;32m  OK  [0m] Started Snap Daemon.
         Starting Wait until snapd is fully seeded...
[[0;32m  OK  [0m] Started Pollinate to seed the pseudo random number generator.
         Starting OpenBSD Secure Shell server...
[[0;32m  OK  [0m] Started OpenBSD Secure Shell server.
[[0;32m  OK  [0m] Created slice User Slice of vagrant.
         Starting User Manager for UID 1000...
[[0;32m  OK  [0m] Started Session 1 of user vagrant.
[[0;32m  OK  [0m] Started User Manager for UID 1000.
[[0;32m  OK  [0m] Started Wait until snapd is fully seeded.
         Starting Apply the settings specified in cloud-config...
[[0;32m  OK  [0m] Reached target Multi-User System.
[[0;32m  OK  [0m] Reached target Graphical Interface.
         Starting Update UTMP about System Runlevel Changes...
[[0;32m  OK  [0m] Started Update UTMP about System Runlevel Changes.
[   20.294374] cloud-init[1455]: Generating locales (this might take a while)...
[   21.243986] cloud-init[1455]:   en_US.UTF-8... done
[   21.245218] cloud-init[1455]: Generation complete.
[   21.594255] cloud-init[1455]: Cloud-init v. 21.1-19-gbad84ad4-0ubuntu1~16.04.2 running 'modules:config' at Sun, 19 Feb 2023 18:32:50 +0000. Up 20.19 seconds.

Ubuntu 16.04.7 LTS ubuntu-xenial ttyS0

ubuntu-xenial login: ci-info: no authorized SSH keys fingerprints found for user ubuntu.
<14>Feb 19 18:32:51 ec2: 
<14>Feb 19 18:32:51 ec2: #############################################################
<14>Feb 19 18:32:51 ec2: -----BEGIN SSH HOST KEY FINGERPRINTS-----
<14>Feb 19 18:32:51 ec2: 1024 SHA256:1v9GuN2PPY86xCuexllDLfVYtbSpjW/V650H1wzLnG4 root@ubuntu-xenial (DSA)
<14>Feb 19 18:32:51 ec2: 256 SHA256:FT77QpdSagAKJlfXqkmYyjqqrfEh7+n8d7+p/8WUPhY root@ubuntu-xenial (ECDSA)
<14>Feb 19 18:32:51 ec2: 256 SHA256:LY2ZbJHwmcDufaq+ztMbzXMW6JQOKOJNliGeMUKKL0k root@ubuntu-xenial (ED25519)
<14>Feb 19 18:32:51 ec2: 2048 SHA256:WXLPWD26UPE57mTxg5TGTahdVESW+piIaWjwhfYZPi4 root@ubuntu-xenial (RSA)
<14>Feb 19 18:32:51 ec2: -----END SSH HOST KEY FINGERPRINTS-----
<14>Feb 19 18:32:51 ec2: #############################################################
-----BEGIN SSH HOST KEY KEYS-----
ecdsa-sha2-nistp256 AAAAE2VjZHNhLXNoYTItbmlzdHAyNTYAAAAIbmlzdHAyNTYAAABBBG0xp2WoXTNcRovi8ZHF4wNPmYxNmF/l0/M8htqGq/auB0MXanZDcalC90DzHYkbtAGtXyvHqHoVxAnf6OmCJ4E= root@ubuntu-xenial
ssh-ed25519 AAAAC3NzaC1lZDI1NTE5AAAAIKO3JME4Osl9/Gt6wsjkQnkVbPKo4mY/7mfQtycpI7Ba root@ubuntu-xenial
ssh-rsa AAAAB3NzaC1yc2EAAAADAQABAAABAQC60UD6u2rZcFVCNV4rI228GLdFjkLAcbhkWz+eGyXHyNwb8dGsMMmSsWvs/utWR0b9zqsvCz1rOPeJgKCyZd1N23zb2UhktgDfREkOJlff5frRt+PCAA82okX1BluwV/gf3iHxsG7cgxEH1FIOog61St9TX7GoSf6D8RSjQ7xY0p0bKwnnFpLtu7f98JTnV4KJp/7i438KUcEVrYyapertRtTBCCe3ax7H3VXyYjQiBr4gLB2FmoN0JnvZ7xCQH21oDD3XYTSEnqJkn9N+5LUGtbML5xn1D5wKO1uy1J2IHTAKtlJn+iP0EoHg72waHci720TKRo1lzBbVnUhJGFhB root@ubuntu-xenial
-----END SSH HOST KEY KEYS-----
[   21.978277] cloud-init[1633]: Cloud-init v. 21.1-19-gbad84ad4-0ubuntu1~16.04.2 running 'modules:final' at Sun, 19 Feb 2023 18:32:51 +0000. Up 21.83 seconds.
[   21.983796] cloud-init[1633]: ci-info: no authorized SSH keys fingerprints found for user ubuntu.
[   21.989887] cloud-init[1633]: Cloud-init v. 21.1-19-gbad84ad4-0ubuntu1~16.04.2 finished at Sun, 19 Feb 2023 18:32:51 +0000. Datasource DataSourceNoCloud [seed=/dev/sdb][dsmode=net].  Up 21.94 seconds
