[    0.000000] Initializing cgroup subsys cpuset
[    0.000000] Initializing cgroup subsys cpu
[    0.000000] Initializing cgroup subsys cpuacct
[    0.000000] Linux version 4.4.0-210-generic (buildd@lgw01-amd64-009) (gcc version 5.4.0 20160609 (Ubuntu 5.4.0-6ubuntu1~16.04.12) ) #242-Ubuntu SMP Fri Apr 16 09:57:56 UTC 2021 (Ubuntu 4.4.0-210.242-generic 4.4.262)
[    0.000000] Command line: BOOT_IMAGE=/boot/vmlinuz-4.4.0-210-generic root=LABEL=cloudimg-rootfs ro console=tty1 console=ttyS0
[    0.000000] KERNEL supported cpus:
[    0.000000]   Intel GenuineIntel
[    0.000000]   AMD AuthenticAMD
[    0.000000]   Centaur CentaurHauls
[    0.000000] x86/fpu: Legacy x87 FPU detected.
[    0.000000] e820: BIOS-provided physical RAM map:
[    0.000000] BIOS-e820: [mem 0x0000000000000000-0x000000000009fbff] usable
[    0.000000] BIOS-e820: [mem 0x000000000009fc00-0x000000000009ffff] reserved
[    0.000000] BIOS-e820: [mem 0x00000000000f0000-0x00000000000fffff] reserved
[    0.000000] BIOS-e820: [mem 0x0000000000100000-0x000000003ffeffff] usable
[    0.000000] BIOS-e820: [mem 0x000000003fff0000-0x000000003fffffff] ACPI data
[    0.000000] BIOS-e820: [mem 0x00000000fec00000-0x00000000fec00fff] reserved
[    0.000000] BIOS-e820: [mem 0x00000000fee00000-0x00000000fee00fff] reserved
[    0.000000] BIOS-e820: [mem 0x00000000fffc0000-0x00000000ffffffff] reserved
[    0.000000] NX (Execute Disable) protection: active
[    0.000000] SMBIOS 2.5 present.
[    0.000000] Hypervisor detected: KVM
[    0.000000] Kernel/User page tables isolation: disabled
[    0.000000] e820: last_pfn = 0x3fff0 max_arch_pfn = 0x400000000
[    0.000000] MTRR: Disabled
[    0.000000] x86/PAT: MTRRs disabled, skipping PAT initialization too.
[    0.000000] CPU MTRRs all blank - virtualized system.
[    0.000000] x86/PAT: Configuration [0-7]: WB  WT  UC- UC  WB  WT  UC- UC  
[    0.000000] found SMP MP-table at [mem 0x0009fff0-0x0009ffff] mapped at [ffff88000009fff0]
[    0.000000] Scanning 1 areas for low memory corruption
[    0.000000] RAMDISK: [mem 0x362dc000-0x37165fff]
[    0.000000] ACPI: Early table checksum verification disabled
[    0.000000] ACPI: RSDP 0x00000000000E0000 000024 (v02 VBOX  )
[    0.000000] ACPI: XSDT 0x000000003FFF0030 00003C (v01 VBOX   VBOXXSDT 00000001 ASL  00000061)
[    0.000000] ACPI: FACP 0x000000003FFF00F0 0000F4 (v04 VBOX   VBOXFACP 00000001 ASL  00000061)
[    0.000000] ACPI: DSDT 0x000000003FFF0470 002325 (v02 VBOX   VBOXBIOS 00000002 INTL 20100528)
[    0.000000] ACPI: FACS 0x000000003FFF0200 000040
[    0.000000] ACPI: FACS 0x000000003FFF0200 000040
[    0.000000] ACPI: APIC 0x000000003FFF0240 00005C (v02 VBOX   VBOXAPIC 00000001 ASL  00000061)
[    0.000000] ACPI: SSDT 0x000000003FFF02A0 0001CC (v01 VBOX   VBOXCPUT 00000002 INTL 20100528)
[    0.000000] No NUMA configuration found
[    0.000000] Faking a node at [mem 0x0000000000000000-0x000000003ffeffff]
[    0.000000] NODE_DATA(0) allocated [mem 0x3ffeb000-0x3ffeffff]
[    0.000000] kvm-clock: Using msrs 4b564d01 and 4b564d00
[    0.000000] kvm-clock: cpu 0, msr 0:3ffe3001, primary cpu clock
[    0.000000] kvm-clock: using sched offset of 3513127289 cycles
[    0.000000] clocksource: kvm-clock: mask: 0xffffffffffffffff max_cycles: 0x1cd42e4dffb, max_idle_ns: 881590591483 ns
[    0.000000] Zone ranges:
[    0.000000]   DMA      [mem 0x0000000000001000-0x0000000000ffffff]
[    0.000000]   DMA32    [mem 0x0000000001000000-0x000000003ffeffff]
[    0.000000]   Normal   empty
[    0.000000]   Device   empty
[    0.000000] Movable zone start for each node
[    0.000000] Early memory node ranges
[    0.000000]   node   0: [mem 0x0000000000001000-0x000000000009efff]
[    0.000000]   node   0: [mem 0x0000000000100000-0x000000003ffeffff]
[    0.000000] Initmem setup node 0 [mem 0x0000000000001000-0x000000003ffeffff]
[    0.000000] ACPI: PM-Timer IO Port: 0x4008
[    0.000000] IOAPIC[0]: apic_id 2, version 32, address 0xfec00000, GSI 0-23
[    0.000000] ACPI: INT_SRC_OVR (bus 0 bus_irq 0 global_irq 2 dfl dfl)
[    0.000000] ACPI: INT_SRC_OVR (bus 0 bus_irq 9 global_irq 9 low level)
[    0.000000] Using ACPI (MADT) for SMP configuration information
[    0.000000] smpboot: Allowing 2 CPUs, 0 hotplug CPUs
[    0.000000] PM: Registered nosave memory: [mem 0x00000000-0x00000fff]
[    0.000000] PM: Registered nosave memory: [mem 0x0009f000-0x0009ffff]
[    0.000000] PM: Registered nosave memory: [mem 0x000a0000-0x000effff]
[    0.000000] PM: Registered nosave memory: [mem 0x000f0000-0x000fffff]
[    0.000000] e820: [mem 0x40000000-0xfebfffff] available for PCI devices
[    0.000000] Booting paravirtualized kernel on KVM
[    0.000000] clocksource: refined-jiffies: mask: 0xffffffff max_cycles: 0xffffffff, max_idle_ns: 7645519600211568 ns
[    0.000000] setup_percpu: NR_CPUS:512 nr_cpumask_bits:512 nr_cpu_ids:2 nr_node_ids:1
[    0.000000] PERCPU: Embedded 33 pages/cpu @ffff88003fc00000 s95192 r8192 d31784 u1048576
[    0.000000] Built 1 zonelists in Node order, mobility grouping on.  Total pages: 257912
[    0.000000] Policy zone: DMA32
[    0.000000] Kernel command line: BOOT_IMAGE=/boot/vmlinuz-4.4.0-210-generic root=LABEL=cloudimg-rootfs ro console=tty1 console=ttyS0
[    0.000000] PID hash table entries: 4096 (order: 3, 32768 bytes)
[    0.000000] Memory: 997792K/1048120K available (8644K kernel code, 1332K rwdata, 4044K rodata, 1492K init, 1164K bss, 50328K reserved, 0K cma-reserved)
[    0.000000] SLUB: HWalign=64, Order=0-3, MinObjects=0, CPUs=2, Nodes=1
[    0.000000] Hierarchical RCU implementation.
[    0.000000] 	Build-time adjustment of leaf fanout to 64.
[    0.000000] 	RCU restricting CPUs from NR_CPUS=512 to nr_cpu_ids=2.
[    0.000000] RCU: Adjusting geometry for rcu_fanout_leaf=64, nr_cpu_ids=2
[    0.000000] NR_IRQS:33024 nr_irqs:440 16
[    0.000000] Console: colour VGA+ 80x25
[    0.000000] console [tty1] enabled
[    0.000000] console [ttyS0] enabled
[    0.000000] tsc: Detected 2903.996 MHz processor
[    0.434314] Calibrating delay loop (skipped) preset value.. 5807.99 BogoMIPS (lpj=11615984)
[    0.440264] pid_max: default: 32768 minimum: 301
[    0.443479] ACPI: Core revision 20150930
[    0.447137] ACPI: 2 ACPI AML tables successfully acquired and loaded
[    0.452170] Security Framework initialized
[    0.455030] Yama: becoming mindful.
[    0.457635] AppArmor: AppArmor initialized
[    0.460670] Dentry cache hash table entries: 131072 (order: 8, 1048576 bytes)
[    0.468182] Inode-cache hash table entries: 65536 (order: 7, 524288 bytes)
[    0.474029] Mount-cache hash table entries: 2048 (order: 2, 16384 bytes)
[    0.478879] Mountpoint-cache hash table entries: 2048 (order: 2, 16384 bytes)
[    0.486573] Initializing cgroup subsys io
[    0.489558] Initializing cgroup subsys memory
[    0.492739] Initializing cgroup subsys devices
[    0.495944] Initializing cgroup subsys freezer
[    0.499706] Initializing cgroup subsys net_cls
[    0.503037] Initializing cgroup subsys perf_event
[    0.506564] Initializing cgroup subsys net_prio
[    0.509894] Initializing cgroup subsys hugetlb
[    0.513117] Initializing cgroup subsys pids
[    0.517244] mce: CPU supports 0 MCE banks
[    0.522724] Last level iTLB entries: 4KB 64, 2MB 8, 4MB 8
[    0.529115] Last level dTLB entries: 4KB 64, 2MB 0, 4MB 0, 1GB 4
[    0.533265] Spectre V1 : Mitigation: usercopy/swapgs barriers and __user pointer sanitization
[    0.541299] Spectre V2 : Mitigation: Enhanced IBRS
[    0.545135] Spectre V2 : Spectre v2 / SpectreRSB mitigation: Filling RSB on context switch
[    0.552970] Speculative Store Bypass: Vulnerable
[    0.585712] Freeing SMP alternatives memory: 36K
[    0.651468] ftrace: allocating 32380 entries in 127 pages
[    1.078225] smpboot: APIC(0) Converting physical 0 to logical package 0
[    1.084387] smpboot: Max logical packages: 1
[    1.098427] ..TIMER: vector=0x30 apic1=0 pin1=2 apic2=-1 pin2=-1
[    1.211143] smpboot: CPU0: Intel(R) Core(TM) i5-10400F CPU @ 2.90GHz (family: 0x6, model: 0xa5, stepping: 0x3)
[    1.219313] Performance Events: unsupported p6 CPU model 165 no PMU driver, software events only.
[    1.292309] KVM setup paravirtual spinlock
[    1.296962] x86: Booting SMP configuration:
[    1.300179] .... node  #0, CPUs:      #1
[    1.304024] kvm-clock: cpu 1, msr 0:3ffe3041, secondary cpu clock
[    1.307697] mce: CPU supports 0 MCE banks
[    1.311234] TSC synchronization [CPU#0 -> CPU#1]:
[    1.314567] Measured 38748 cycles TSC warp between CPUs, turning off TSC clock.
[    1.319498] tsc: Marking TSC unstable due to check_tsc_sync_source failed
[    0.428919] x86: Booted up 1 node, 2 CPUs
[    0.432003] smpboot: Total of 2 processors activated (11615.98 BogoMIPS)
[    0.440007] devtmpfs: initialized
[    0.444051] evm: security.selinux
[    0.446295] evm: security.SMACK64
[    0.448005] evm: security.SMACK64EXEC
[    0.450441] evm: security.SMACK64TRANSMUTE
[    0.452002] evm: security.SMACK64MMAP
[    0.456002] evm: security.ima
[    0.458074] evm: security.capability
[    0.460236] clocksource: jiffies: mask: 0xffffffff max_cycles: 0xffffffff, max_idle_ns: 7645041785100000 ns
[    0.464010] futex hash table entries: 512 (order: 3, 32768 bytes)
[    0.468271] pinctrl core: initialized pinctrl subsystem
[    0.472393] RTC time: 17:01:44, date: 02/19/23
[    0.476838] NET: Registered protocol family 16
[    0.492009] cpuidle: using governor ladder
[    0.504009] cpuidle: using governor menu
[    0.506698] PCCT header not found.
[    0.508085] ACPI: bus type PCI registered
[    0.512006] acpiphp: ACPI Hot Plug PCI Controller Driver version: 0.5
[    0.516373] PCI: Using configuration type 1 for base access
[    0.536182] ACPI: Added _OSI(Module Device)
[    0.540007] ACPI: Added _OSI(Processor Device)
[    0.544006] ACPI: Added _OSI(3.0 _SCP Extensions)
[    0.547179] ACPI: Added _OSI(Processor Aggregator Device)
[    0.552806] ACPI: Executed 1 blocks of module-level executable AML code
[    0.560970] ACPI: Interpreter enabled
[    0.563526] ACPI: (supports S0 S5)
[    0.564002] ACPI: Using IOAPIC for interrupt routing
[    0.568289] PCI: Using host bridge windows from ACPI; if necessary, use "pci=nocrs" and report a bug
[    0.581516] ACPI: PCI Root Bridge [PCI0] (domain 0000 [bus 00-ff])
[    0.584006] acpi PNP0A03:00: _OSC: OS supports [ASPM ClockPM Segments MSI]
[    0.588542] acpi PNP0A03:00: _OSC: not requesting OS control; OS requires [ExtendedConfig ASPM ClockPM MSI]
[    0.592009] acpi PNP0A03:00: fail to add MMCONFIG information, can't access extended PCI configuration space under this bridge.
[    0.596583] PCI host bridge to bus 0000:00
[    0.599335] pci_bus 0000:00: root bus resource [io  0x0000-0x0cf7 window]
[    0.600009] pci_bus 0000:00: root bus resource [io  0x0d00-0xffff window]
[    0.604005] pci_bus 0000:00: root bus resource [mem 0x000a0000-0x000bffff window]
[    0.608007] pci_bus 0000:00: root bus resource [mem 0x40000000-0xfdffffff window]
[    0.612006] pci_bus 0000:00: root bus resource [bus 00-ff]
[    0.621926] pci 0000:00:01.1: legacy IDE quirk: reg 0x10: [io  0x01f0-0x01f7]
[    0.624005] pci 0000:00:01.1: legacy IDE quirk: reg 0x14: [io  0x03f6]
[    0.628005] pci 0000:00:01.1: legacy IDE quirk: reg 0x18: [io  0x0170-0x0177]
[    0.632005] pci 0000:00:01.1: legacy IDE quirk: reg 0x1c: [io  0x0376]
[    0.652562] pci 0000:00:07.0: quirk: [io  0x4000-0x403f] claimed by PIIX4 ACPI
[    0.656032] pci 0000:00:07.0: quirk: [io  0x4100-0x410f] claimed by PIIX4 SMB
[    0.670867] ACPI: PCI Interrupt Link [LNKA] (IRQs 5 9 10 *11)
[    0.676800] ACPI: PCI Interrupt Link [LNKB] (IRQs 5 9 *10 11)
[    0.684175] ACPI: PCI Interrupt Link [LNKC] (IRQs 5 *9 10 11)
[    0.692156] ACPI: PCI Interrupt Link [LNKD] (IRQs 5 9 10 *11)
[    0.697813] ACPI: Enabled 2 GPEs in block 00 to 07
[    0.700175] vgaarb: setting as boot device: PCI:0000:00:02.0
[    0.703856] vgaarb: device added: PCI:0000:00:02.0,decodes=io+mem,owns=io+mem,locks=none
[    0.704006] vgaarb: loaded
[    0.706000] vgaarb: bridge control possible 0000:00:02.0
[    0.708333] SCSI subsystem initialized
[    0.712155] ACPI: bus type USB registered
[    0.716032] usbcore: registered new interface driver usbfs
[    0.720023] usbcore: registered new interface driver hub
[    0.724010] usbcore: registered new device driver usb
[    0.728370] PCI: Using ACPI for IRQ routing
[    0.732755] NetLabel: Initializing
[    0.735093] NetLabel:  domain hash size = 128
[    0.736002] NetLabel:  protocols = UNLABELED CIPSOv4
[    0.740019] NetLabel:  unlabeled traffic allowed by default
[    0.744129] amd_nb: Cannot enumerate AMD northbridges
[    0.748219] clocksource: Switched to clocksource kvm-clock
[    0.766741] AppArmor: AppArmor Filesystem Enabled
[    0.766741] pnp: PnP ACPI init
[    0.766741] pnp: PnP ACPI: found 3 devices
[    0.814834] clocksource: acpi_pm: mask: 0xffffff max_cycles: 0xffffff, max_idle_ns: 2085701024 ns
[    0.816324] NET: Registered protocol family 2
[    0.825268] TCP established hash table entries: 8192 (order: 4, 65536 bytes)
[    0.830283] TCP bind hash table entries: 8192 (order: 5, 131072 bytes)
[    0.834014] TCP: Hash tables configured (established 8192 bind 8192)
[    0.834014] UDP hash table entries: 512 (order: 2, 16384 bytes)
[    0.834014] UDP-Lite hash table entries: 512 (order: 2, 16384 bytes)
[    0.834014] NET: Registered protocol family 1
[    0.834014] pci 0000:00:00.0: Limiting direct PCI/PCI transfers
[    0.834014] pci 0000:00:01.0: Activating ISA DMA hang workarounds
[    0.834014] Unpacking initramfs...
[    0.834014] Freeing initrd memory: 14888K
[    0.834014] clocksource: tsc: mask: 0xffffffffffffffff max_cycles: 0x29dc020bb13, max_idle_ns: 440795273180 ns
[    0.834014] platform rtc_cmos: registered platform RTC device (no PNP device found)
[    0.834014] Scanning for low memory corruption every 60 seconds
[    1.169066] audit: initializing netlink subsys (disabled)
[    1.172938] audit: type=2000 audit(1676826109.380:1): initialized
[    1.177386] Initialise system trusted keyring
[    1.181258] HugeTLB registered 2 MB page size, pre-allocated 0 pages
[    1.187295] zbud: loaded
[    1.190128] VFS: Disk quotas dquot_6.6.0
[    1.192988] VFS: Dquot-cache hash table entries: 512 (order 0, 4096 bytes)
[    1.196902] squashfs: version 4.0 (2009/01/31) Phillip Lougher
[    1.202551] fuse init (API version 7.23)
[    1.205847] Key type big_key registered
[    1.208423] Allocating IMA MOK and blacklist keyrings.
[    1.221036] Key type asymmetric registered
[    1.224000] Asymmetric key parser 'x509' registered
[    1.227469] Block layer SCSI generic (bsg) driver version 0.4 loaded (major 249)
[    1.233205] io scheduler noop registered
[    1.236265] io scheduler deadline registered (default)
[    1.239791] io scheduler cfq registered
[    1.242602] pci_hotplug: PCI Hot Plug PCI Core version: 0.5
[    1.246436] pciehp: PCI Express Hot Plug Controller Driver version: 0.4
[    1.251180] ACPI: AC Adapter [AC] (on-line)
[    1.254010] input: Power Button as /devices/LNXSYSTM:00/LNXPWRBN:00/input/input0
[    1.254990] ACPI: Power Button [PWRF]
[    1.254990] input: Sleep Button as /devices/LNXSYSTM:00/LNXSLPBN:00/input/input1
[    1.254990] ACPI: Sleep Button [SLPF]
[    1.270573] GHES: HEST is not enabled!
[    1.273872] Serial: 8250/16550 driver, 32 ports, IRQ sharing enabled
[    1.302415] 00:02: ttyS0 at I/O 0x3f8 (irq = 4, base_baud = 115200) is a 16550A
[    1.321939] Linux agpgart interface v0.103
[    1.336772] loop: module loaded
[    1.341589] scsi host0: ata_piix
[    1.344921] scsi host1: ata_piix
[    1.347187] ata1: PATA max UDMA/33 cmd 0x1f0 ctl 0x3f6 bmdma 0xd000 irq 14
[    1.351970] ata2: PATA max UDMA/33 cmd 0x170 ctl 0x376 bmdma 0xd008 irq 15
[    1.356883] libphy: Fixed MDIO Bus: probed
[    1.360162] tun: Universal TUN/TAP device driver, 1.6
[    1.363733] tun: (C) 1999-2004 Max Krasnyansky <maxk@qualcomm.com>
[    1.368406] PPP generic driver version 2.4.2
[    1.372368] ehci_hcd: USB 2.0 'Enhanced' Host Controller (EHCI) Driver
[    1.376784] ehci-pci: EHCI PCI platform driver
[    1.379816] ehci-platform: EHCI generic platform driver
[    1.383486] ohci_hcd: USB 1.1 'Open' Host Controller (OHCI) Driver
[    1.387924] ohci-pci: OHCI PCI platform driver
[    1.391126] ohci-platform: OHCI generic platform driver
[    1.394740] uhci_hcd: USB Universal Host Controller Interface driver
[    1.399288] i8042: PNP: PS/2 Controller [PNP0303:PS2K,PNP0f03:PS2M] at 0x60,0x64 irq 1,12
[    1.407658] serio: i8042 KBD port at 0x60,0x64 irq 1
[    1.411092] serio: i8042 AUX port at 0x60,0x64 irq 12
[    1.415968] mousedev: PS/2 mouse device common for all mice
[    1.423598] input: AT Translated Set 2 keyboard as /devices/platform/i8042/serio0/input/input2
[    1.429437] rtc_cmos rtc_cmos: rtc core: registered rtc_cmos as rtc0
[    1.434582] rtc_cmos rtc_cmos: alarms up to one day, 114 bytes nvram
[    1.438720] i2c /dev entries driver
[    1.441170] device-mapper: uevent: version 1.0.3
[    1.444424] device-mapper: ioctl: 4.34.0-ioctl (2015-10-28) initialised: dm-devel@redhat.com
[    1.449985] ledtrig-cpu: registered to indicate activity on CPUs
[    1.456311] NET: Registered protocol family 10
[    1.459842] NET: Registered protocol family 17
[    1.463002] Key type dns_resolver registered
[    1.467631] registered taskstats version 1
[    1.470568] Loading compiled-in X.509 certificates
[    1.474490] Loaded X.509 cert 'Build time autogenerated kernel key: cf00e047681d67edb2720680708b7d9498083038'
[    1.480980] zswap: loaded using pool lzo/zbud
[    1.487342] Key type trusted registered
[    1.496634] Key type encrypted registered
[    1.499309] AppArmor: AppArmor sha1 policy hashing enabled
[    1.503092] ima: No TPM chip found, activating TPM-bypass!
[    1.506843] ima: Allocated hash algorithm: sha1
[    1.510031] evm: HMAC attrs: 0x1
[    1.559343]   Magic number: 11:168:37
[    1.563060] bdi 7:2: hash matches
[    1.566181] rtc_cmos rtc_cmos: setting system clock to 2023-02-19 17:01:46 UTC (1676826106)
[    1.572674] BIOS EDD facility v0.16 2004-Jun-25, 0 devices found
[    1.576779] EDD information not available.
[    1.581812] Freeing unused kernel memory: 1492K
[    1.596418] Write protecting the kernel read-only data: 14336k
[    1.601181] Freeing unused kernel memory: 1584K
[    1.604695] Freeing unused kernel memory: 52K
Loading, please wait...
starting version 229
[    1.627855] random: systemd-udevd: uninitialized urandom read (16 bytes read, 5 bits of entropy available)
[    1.628632] random: udevadm: uninitialized urandom read (16 bytes read, 5 bits of entropy available)
[    1.628642] random: udevadm: uninitialized urandom read (16 bytes read, 5 bits of entropy available)
[    1.636465] random: udevadm: uninitialized urandom read (16 bytes read, 5 bits of entropy available)
[    1.636488] random: udevadm: uninitialized urandom read (16 bytes read, 5 bits of entropy available)
[    1.636601] random: udevadm: uninitialized urandom read (16 bytes read, 5 bits of entropy available)
[    1.636628] random: udevadm: uninitialized urandom read (16 bytes read, 5 bits of entropy available)
[    1.636693] random: udevadm: uninitialized urandom read (16 bytes read, 5 bits of entropy available)
[    1.636744] random: udevadm: uninitialized urandom read (16 bytes read, 5 bits of entropy available)
[    1.636773] random: udevadm: uninitialized urandom read (16 bytes read, 5 bits of entropy available)
[    1.721800] e1000: Intel(R) PRO/1000 Network Driver - version 7.3.21-k8-NAPI
[    1.729640] e1000: Copyright (c) 1999-2006 Intel Corporation.
[    1.740418] Fusion MPT base driver 3.04.20
[    1.743434] Copyright (c) 1999-2008 LSI Corporation
[    1.776979] Fusion MPT SPI Host driver 3.04.20
[    1.990772] input: ImExPS/2 Generic Explorer Mouse as /devices/platform/i8042/serio1/input/input4
[    2.350903] e1000 0000:00:03.0 eth0: (PCI:33MHz:32-bit) 02:be:82:6b:cc:1d
[    2.355604] e1000 0000:00:03.0 eth0: Intel(R) PRO/1000 Network Connection
[    2.361590] mptbase: ioc0: Initiating bringup
[    2.457366] ioc0: LSI53C1030 A0: Capabilities={Initiator}
[    2.750428] scsi host2: ioc0: LSI53C1030 A0, FwRev=00000000h, Ports=1, MaxQ=256, IRQ=20
[    2.906294] scsi 2:0:0:0: Direct-Access     VBOX     HARDDISK         1.0  PQ: 0 ANSI: 5
[    2.912625] scsi target2:0:0: Beginning Domain Validation
[    2.920686] scsi target2:0:0: Domain Validation skipping write tests
[    2.925358] scsi target2:0:0: Ending Domain Validation
[    2.929634] scsi target2:0:0: asynchronous
[    2.934268] scsi 2:0:1:0: Direct-Access     VBOX     HARDDISK         1.0  PQ: 0 ANSI: 5
[    2.940258] scsi target2:0:1: Beginning Domain Validation
[    2.948329] scsi target2:0:1: Domain Validation skipping write tests
[    2.952860] scsi target2:0:1: Ending Domain Validation
[    2.957026] scsi target2:0:1: asynchronous
[    2.978273] sd 2:0:0:0: Attached scsi generic sg0 type 0
[    2.983496] sd 2:0:1:0: [sdb] 20480 512-byte logical blocks: (10.5 MB/10.0 MiB)
[    2.989650] sd 2:0:1:0: Attached scsi generic sg1 type 0
[    2.994046] sd 2:0:0:0: [sda] 83886080 512-byte logical blocks: (42.9 GB/40.0 GiB)
[    2.994362] sd 2:0:1:0: [sdb] Write Protect is off
[    2.994690] sd 2:0:1:0: [sdb] Incomplete mode parameter data
[    2.994691] sd 2:0:1:0: [sdb] Assuming drive cache: write through
[    3.015121] sd 2:0:1:0: [sdb] Attached SCSI disk
[    3.020802] sd 2:0:0:0: [sda] Write Protect is off
[    3.024886] sd 2:0:0:0: [sda] Incomplete mode parameter data
[    3.029008] sd 2:0:0:0: [sda] Assuming drive cache: write through
[    3.038765]  sda: sda1
[    3.043261] sd 2:0:0:0: [sda] Attached SCSI disk
[    3.505497] e1000 0000:00:08.0 eth1: (PCI:33MHz:32-bit) 08:00:27:cd:a2:45
[    3.510198] e1000 0000:00:08.0 eth1: Intel(R) PRO/1000 Network Connection
[    3.516972] e1000 0000:00:08.0 enp0s8: renamed from eth1
[    3.533004] e1000 0000:00:03.0 enp0s3: renamed from eth0
Begin: Loading essential drivers ... [    5.081282] md: linear personality registered for level -1
[    5.089184] md: multipath personality registered for level -4
[    5.096578] md: raid0 personality registered for level 0
[    5.111144] md: raid1 personality registered for level 1
[    5.184019] raid6: sse2x1   gen() 11422 MB/s
[    5.252639] raid6: sse2x1   xor()  7805 MB/s
[    5.320613] raid6: sse2x2   gen() 16238 MB/s
[    5.388121] raid6: sse2x2   xor() 10715 MB/s
[    5.456462] raid6: sse2x4   gen() 17684 MB/s
[    5.524548] raid6: sse2x4   xor() 11051 MB/s
[    5.527419] raid6: using algorithm sse2x4 gen() 17684 MB/s
[    5.531185] raid6: .... xor() 11051 MB/s, rmw enabled
[    5.534627] raid6: using ssse3x2 recovery algorithm
[    5.539804] xor: measuring software checksum speed
[    8.564050]    prefetch64-sse: 1232404.704 MB/sec
[   10.630571]    generic_sse: 897565.704 MB/sec
[   10.633884] xor: using function: prefetch64-sse (1232404.704 MB/sec)
[   10.640635] async_tx: api initialized (async)
[   10.674507] md: raid6 personality registered for level 6
[   10.678162] md: raid5 personality registered for level 5
[   10.681869] md: raid4 personality registered for level 4
[   10.701618] md: raid10 personality registered for level 10
done.
Begin: Running /scripts/init-premount ... done.
Begin: Mounting root file system ... Begin: Running /scripts/local-top ... done.
Begin: Running /scripts/local-premount ... [   10.767083] Btrfs loaded
Scanning for Btrfs filesystems
done.
Warning: fsck not present, so skipping root file system
[   10.815187] EXT4-fs (sda1): mounted filesystem with ordered data mode. Opts: (null)
done.
Begin: Running /scripts/local-bottom ... done.
Begin: Running /scripts/init-bottom ... done.
[   10.991733] systemd[1]: systemd 229 running in system mode. (+PAM +AUDIT +SELINUX +IMA +APPARMOR +SMACK +SYSVINIT +UTMP +LIBCRYPTSETUP +GCRYPT +GNUTLS +ACL +XZ -LZ4 +SECCOMP +BLKID +ELFUTILS +KMOD -IDN)
[   11.004505] systemd[1]: Detected virtualization oracle.
[   11.008389] systemd[1]: Detected architecture x86-64.

Welcome to [1mUbuntu 16.04.7 LTS[0m!

[   11.022298] systemd[1]: Set hostname to <ubuntu>.
[   11.033714] systemd[1]: Initializing machine ID from random generator.
[   11.040588] systemd[1]: Installed transient /etc/machine-id file.
[   11.216245] systemd[1]: Listening on fsck to fsckd communication Socket.
[[0;32m  OK  [0m] Listening on fsck to fsckd communication Socket.
[   11.226026] systemd[1]: Listening on Syslog Socket.
[[0;32m  OK  [0m] Listening on Syslog Socket.
[   11.234193] systemd[1]: Created slice System Slice.
[[0;32m  OK  [0m] Created slice System Slice.
[   11.242402] systemd[1]: Listening on Journal Audit Socket.
[[0;32m  OK  [0m] Listening on Journal Audit Socket.
[   11.250714] systemd[1]: Listening on LVM2 metadata daemon socket.
[[0;32m  OK  [0m] Listening on LVM2 metadata daemon socket.
[   11.259871] systemd[1]: Created slice User and Session Slice.
[[0;32m  OK  [0m] Created slice User and Session Slice.
[   11.268671] systemd[1]: Set up automount Arbitrary Executable File Formats File System Automount Point.
[[0;32m  OK  [0m] Set up automount Arbitrary Executab...ats File System Automount Point.
[   11.280517] systemd[1]: Listening on /dev/initctl Compatibility Named Pipe.
[[0;32m  OK  [0m] Listening on /dev/initctl Compatibility Named Pipe.
[   11.290014] systemd[1]: Listening on udev Control Socket.
[[0;32m  OK  [0m] Listening on udev Control Socket.
[   11.298505] systemd[1]: Reached target System Time Synchronized.
[[0;32m  OK  [0m] Reached target System Time Synchronized.
[   11.307252] systemd[1]: Listening on LVM2 poll daemon socket.
[[0;32m  OK  [0m] Listening on LVM2 poll daemon socket.
[   11.315801] systemd[1]: Listening on Device-mapper event daemon FIFOs.
[[0;32m  OK  [0m] Listening on Device-mapper event daemon FIFOs.
[   11.325168] systemd[1]: Started Forward Password Requests to Wall Directory Watch.
[[0;32m  OK  [0m] Started Forward Password Requests to Wall Directory Watch.
[   11.335366] systemd[1]: Reached target Encrypted Volumes.
[[0;32m  OK  [0m] Reached target Encrypted Volumes.
[   11.343876] systemd[1]: Listening on udev Kernel Socket.
[[0;32m  OK  [0m] Listening on udev Kernel Socket.
[   11.352003] systemd[1]: Reached target User and Group Name Lookups.
[[0;32m  OK  [0m] Reached target User and Group Name Lookups.
[   11.361441] systemd[1]: Created slice system-serial\x2dgetty.slice.
[[0;32m  OK  [0m] Created slice system-serial\x2dgetty.slice.
[   11.370482] systemd[1]: Started Trigger resolvconf update for networkd DNS.
[[0;32m  OK  [0m] Started Trigger resolvconf update for networkd DNS.
[   11.380340] systemd[1]: Listening on Journal Socket.
[[0;32m  OK  [0m] Listening on Journal Socket.
[   11.400562] systemd[1]: Starting Uncomplicated firewall...
         Starting Uncomplicated firewall...
[   11.409757] systemd[1]: Starting File System Check on Root Device...
         Starting File System Check on Root Device...
[   11.419435] systemd[1]: Starting Nameserver information manager...
         Starting Nameserver information manager...
[   11.430253] systemd[1]: Mounting Debug File System...
         Mounting Debug File System...
[   11.439416] systemd[1]: Starting Set console keymap...
         Starting Set console keymap...
[   11.450407] systemd[1]: Starting Monitoring of LVM2 mirrors, snapshots etc. using dmeventd or progress polling...
         Starting Monitoring of LVM2 mirrors... dmeventd or progress polling...
[   11.463277] systemd[1]: Starting Create list of required static device nodes for the current kernel...
         Starting Create list of required st... nodes for the current kernel...
[   11.482651] systemd[1]: Starting Load Kernel Modules...
         Starting Load Kernel Modules...
[   11.490503] systemd[1]: Mounting Huge Pages File System...
         Mounting Huge Pages File System...
[   11.500236] systemd[1]: Reached target Slices.
[[0;32m  OK  [0m] Reached target Slices.
[   11.509078] systemd[1]: Listening on Journal Socket (/dev/log).
[   11.514798] Loading iSCSI transport class v2.0-870.
[[0;32m  OK  [0m] Listening on Journal Socket (/dev/log).
[   11.529666] iscsi: registered transport (tcp)
[   11.536982] systemd[1]: Starting Journal Service...
         Starting Journal Service...
[   11.546927] systemd[1]: Mounting POSIX Message Queue File System...
         Mounting POSIX Message Queue File System...
[   11.562097] systemd[1]: Reached target Swap.
[[0;32m  OK  [0m] Reached target Swap.
[   11.571269] systemd[1]: Mounted Huge Pages File System.
[[0;32m  OK  [0m] Mounted Huge Pages File System.
[   11.584770] systemd[1]: Mounted POSIX Message Queue File System.
[[0;32m  OK  [0m] Mounted POSIX Message Queue File System.
[   11.595077] systemd[1]: Mounted Debug File System.
[[0;32m  OK  [0m] Mounted Debug File System.
[   11.606452] systemd[1]: Started Journal Service.
[[0;32m  OK  [0m] Started Journal Service.
[[0;32m  OK  [0m] Started Uncomplicated firewall.
[[0;32m  OK  [0m] Started File System Check on Root Device.
[   11.631494] iscsi: registered transport (iser)
[[0;32m  OK  [0m] Started Set console keymap.
[[0;32m  OK  [0m] Started Create list of required sta...ce nodes for the current kernel.
[[0;32m  OK  [0m] Started Load Kernel Modules.
[[0;32m  OK  [0m] Started Nameserver information manager.
[[0;32m  OK  [0m] Started File System Check Daemon to report status.
[[0;32m  OK  [0m] Started LVM2 metadata daemon.
         Mounting FUSE Control File System...
         Starting Apply Kernel Variables...
         Starting Create Static Device Nodes in /dev...
         Starting Remount Root and Kernel File Systems...
[[0;32m  OK  [0m] Mounted FUSE Control File System.
[[0;32m  OK  [0m] Started Apply Kernel Variables.
[[0;32m  OK  [0m] Started Remount Root and Kernel File Systems.
         Starting Load/Save Random Seed...
         Starting Flush Journal to Persistent Storage...
         Starting udev Coldplug all Devices...
[[0;32m  OK  [0m] Started Create Static Device Nodes in /dev.
         Starting udev Kernel Device Manager...
[[0;32m  OK  [0m] Started Flush Journal to Persistent Storage.
[[0;32m  OK  [0m] Started Load/Save Random Seed.
[[0;32m  OK  [0m] Started udev Kernel Device Manager.
[[0;32m  OK  [0m] Started udev Coldplug all Devices.
[[0;32m  OK  [0m] Started Dispatch Password Requests to Console Directory Watch.
[[0;32m  OK  [0m] Started Monitoring of LVM2 mirrors,...ng dmeventd or progress polling.
[[0;32m  OK  [0m] Reached target Local File Systems (Pre).
[[0;32m  OK  [0m] Reached target Local File Systems.
         Starting Tell Plymouth To Write Out Runtime Data...
         Starting Initial cloud-init job (pre-networking)...
         Starting LSB: AppArmor initialization...
         Starting Commit a transient machine-id on disk...
         Starting Set console font and keymap...
         Starting Create Volatile Files and Directories...
[[0;32m  OK  [0m] Started Tell Plymouth To Write Out Runtime Data.
[[0;32m  OK  [0m] Started Create Volatile Files and Directories.
         Starting Update UTMP about System Boot/Shutdown...
[[0;32m  OK  [0m] Started Update UTMP about System Boot/Shutdown.
[[0;32m  OK  [0m] Started Commit a transient machine-id on disk.
[[0;32m  OK  [0m] Found device /dev/ttyS0.
[[0;32m  OK  [0m] Listening on Load/Save RF Kill Switch Status /dev/rfkill Watch.
[[0;32m  OK  [0m] Started LSB: AppArmor initialization.
[   13.803895] cloud-init[468]: Cloud-init v. 21.1-19-gbad84ad4-0ubuntu1~16.04.2 running 'init-local' at Sun, 19 Feb 2023 17:01:57 +0000. Up 12.88 seconds.
         Starting Load AppArmor profiles managed internally by snapd...
[[0;32m  OK  [0m] Started Initial cloud-init job (pre-networking).
[[0;32m  OK  [0m] Started Load AppArmor profiles managed internally by snapd.
[[0;32m  OK  [0m] Reached target Network (Pre).
         Starting Raise network interfaces...
[[0;32m  OK  [0m] Started Set console font and keymap.
[[0;32m  OK  [0m] Created slice system-getty.slice.
[[0;32m  OK  [0m] Started Raise network interfaces.
         Starting Initial cloud-init job (metadata service crawler)...
[[0;32m  OK  [0m] Reached target Network.
[   15.597529] cloud-init[937]: Cloud-init v. 21.1-19-gbad84ad4-0ubuntu1~16.04.2 running 'init' at Sun, 19 Feb 2023 17:01:59 +0000. Up 14.99 seconds.
[   15.602110] cloud-init[937]: ci-info: ++++++++++++++++++++++++++++++++++++++Net device info+++++++++++++++++++++++++++++++++++++++
[   15.606300] cloud-init[937]: ci-info: +--------+-------+----------------------------+---------------+--------+-------------------+
[   15.610414] cloud-init[937]: ci-info: | Device |   Up  |          Address           |      Mask     | Scope  |     Hw-Address    |
[   15.614691] cloud-init[937]: ci-info: +--------+-------+----------------------------+---------------+--------+-------------------+
[   15.618737] cloud-init[937]: ci-info: | enp0s3 |  True |         10.0.2.15          | 255.255.255.0 | global | 02:be:82:6b:cc:1d |
[   15.622734] cloud-init[937]: ci-info: | enp0s3 |  True | fe80::be:82ff:fe6b:cc1d/64 |       .       |  link  | 02:be:82:6b:cc:1d |
[   15.626759] cloud-init[937]: ci-info: | enp0s8 | False |             .              |       .       |   .    | 08:00:27:cd:a2:45 |
[   15.630709] cloud-init[937]: ci-info: |   lo   |  True |         127.0.0.1          |   255.0.0.0   |  host  |         .         |
[   15.635183] cloud-init[937]: ci-info: |   lo   |  True |          ::1/128           |       .       |  host  |         .         |
[   15.639215] cloud-init[937]: ci-info: +--------+-------+----------------------------+---------------+--------+-------------------+
[   15.643456] cloud-init[937]: ci-info: +++++++++++++++++++++++++++Route IPv4 info++++++++++++++++++++++++++++
[   15.647088] cloud-init[937]: ci-info: +-------+-------------+----------+---------------+-----------+-------+
[   15.650868] cloud-init[937]: ci-info: | Route | Destination | Gateway  |    Genmask    | Interface | Flags |
[   15.654630] cloud-init[937]: ci-info: +-------+-------------+----------+---------------+-----------+-------+
[   15.658262] cloud-init[937]: ci-info: |   0   |   0.0.0.0   | 10.0.2.2 |    0.0.0.0    |   enp0s3  |   UG  |
[   15.662113] cloud-init[937]: ci-info: |   1   |   10.0.2.0  | 0.0.0.0  | 255.255.255.0 |   enp0s3  |   U   |
[   15.665798] cloud-init[937]: ci-info: +-------+-------------+----------+---------------+-----------+-------+
[   15.669417] cloud-init[937]: ci-info: +++++++++++++++++++Route IPv6 info+++++++++++++++++++
[   15.672990] cloud-init[937]: ci-info: +-------+-------------+---------+-----------+-------+
[   15.676127] cloud-init[937]: ci-info: | Route | Destination | Gateway | Interface | Flags |
[   15.679415] cloud-init[937]: ci-info: +-------+-------------+---------+-----------+-------+
[   15.682665] cloud-init[937]: ci-info: |   0   |  fe80::/64  |    ::   |   enp0s3  |   U   |
[   15.685945] cloud-init[937]: ci-info: |   3   |   ff00::/8  |    ::   |   enp0s3  |   U   |
[   15.689232] cloud-init[937]: ci-info: +-------+-------------+---------+-----------+-------+
[   15.692662] cloud-init[937]: Generating public/private rsa key pair.
[   15.695416] cloud-init[937]: Your identification has been saved in /etc/ssh/ssh_host_rsa_key.
[   15.698926] cloud-init[937]: Your public key has been saved in /etc/ssh/ssh_host_rsa_key.pub.
[   15.702397] cloud-init[937]: The key fingerprint is:
[[0;32m  OK  [0m] Started Initial cloud-init job (metadata service crawler).
[[0;32m  OK  [0m] Reached target Cloud-config availability.
[[0;32m  OK  [0m] Reached target Network is Online.
[   15.704949] cloud-init[937]: SHA256:aI9xuRXBstIiqqBooZA7t8U1cVIt+1SLZASw2GIJSpw root@ubuntu-xenial
[   15.714684] cloud-init[937]: The key's randomart image is:
[   15.719058] cloud-init         Starting iSCSI initiator daemon (iscsid)...
[[0;32m  OK  [0m] Reached target System Initialization.
[[0;32m  OK  [0m] Listening on ACPID Listen Socket.
[[0;32m  OK  [0m] Listening on D-Bus System Message Bus Socket.
[[0;32m  OK  [0m] Started Message of the Day.
[[0;32m  OK  [0m] Started Daily Cleanup of Temporary Directories.
         Starting Socket activation for snappy daemon.
[[0;32m  OK  [0m] Started Ubuntu Advantage update messaging.
[[0;32m  OK  [0m] Listening on UUID daemon activation socket.
[937]: +---[RSA 2048]----+
[[0;32m  OK  [0m] Started ACPI Events Check.
[[0;32m  OK  [0m] Reached target Paths.
[   15.733141] cloud-init[937]: |..o   ..o=o      |
[   15.739363]          Starting LXD - unix socket.
[[0;32m  OK  [0m] Started Daily apt download activities.
[[0;32m  OK  [0m] Started Daily apt upgrade and clean activities.
[[0;32m  OK  [0m] Reached target Timers.
[[0;32m  OK  [0m] Listening on Socket activation for snappy daemon.
[[0;32m  OK  [0m] Listening on LXD - unix socket.
[[0;32m  OK  [0m] Reached target Sockets.
[[0;32m  OK  [0m] Reached target Basic System.
         Starting Login Service...
cloud-init[[0;32m  OK  [0m] Started Regular background program processing daemon.
         Starting LSB: MD monitoring daemon...
[[0;32m  OK  [0m] Started D-Bus System Message Bus.
[937]: |.E . + oo =..    |
[   15.763737] cloud-init[937]: |.   = =..B.o .   |
[   15.771179] cloud-init[937]: |   ...o=+.o..    |
[   15.778901] cloud-init[937]: | . . .*oSo.      |
[   15.785195] cloud-init[937]: |+... o * o.      |
[   15.791838] cloud-init[937]: |*o. o . o        |
[   15.798125] cloud-init[937]: |B...             |
[   15.802402] cloud-init[937]: |.o..             |
[   15.806744] cloud-init[937]: +----[SHA256]-----+
[   15.811034]          Starting System Logging Service...
[[0;32m  OK  [0m] Started Deferred execution scheduler.
[[0;32m  OK  [0m] Started FUSE filesystem for LXC.
cloud-init         Starting Pollinate to seed the pseudo random number generator...
         Starting Accounts Service...
[[0;32m  OK  [0m] Started ACPI event daemon.
         Starting Snap Daemon...
         Starting LXD - container startup/shutdown...
         Starting Virtualbox guest utils...
         Starting /etc/rc.local Compatibility...
         Starting LSB: Record successful boot for GRUB...
[[0;32m  OK  [0m] Started /etc/rc.local Compatibility.
[[0;32m  OK  [0m] Started Login Service.
[[0;32m  OK  [0m] Started Unattended Upgrades Shutdown.
[937]: Generating public/private dsa key pair.
[   15.864802] cloud-init[937]: Your identification has been saved in /etc/ssh/ssh_host_dsa_key.
[[0;32m  OK  [0m] Started iSCSI initiator daemon (iscsid).
[   15.882277] cloud-init[937]: Your public key has been saved in /etc/ssh/ssh_host_dsa_key.pub.         Starting Login to default iSCSI targets...

[[0;32m  OK  [0m] Started LSB: MD monitoring daemon.
[   15.917443] cloud-init[937]: The key fingerprint is:
[   15.934986] cloud-init[937]: SHA256:sV7rxfOHc2XU9Lix6XvbaEbrZBPbbN7tBwhv7GTl0RE root@ubuntu-xenial
[   15.948932] cloud-init[937]: The key's randomart image is:[[0;32m  OK  [0m] Started LSB: Record successful boot for GRUB.

[[0;32m  OK  [0m] Started System Logging Service.
[   15.957568] cloud-init[937]: +---[DSA 1024]----+
[   15.963393] cloud-init[937]: |               E.|
[   15.968777] cloud-init[937]: |               ..|
[   15.974014] cloud-init[937]: [[0;32m  OK  [0m] Started Login to default iSCSI targets.
[[0;32m  OK  [0m] Reached target Remote File Systems (Pre).
[[0;32m  OK  [0m] Reached target Remote File Systems.
         Starting Permit User Sessions...
         Starting LSB: daemon to balance interrupts for SMP systems...
         Starting LSB: Set the CPU Frequency Scaling governor to "ondemand"...
         Starting LSB: automatic crash report generation...
|        .      ++|
[[0;32m  OK  [0m] Started Permit User Sessions.
         Starting Terminate Plymouth Boot Screen...
[   16.026663] cloud-init         Starting Hold until boot process finishes up...
[937]: |         o.   = =|[[0;32m  OK  [0m] Started Hold until boot process finishes up.
[[0;32m  OK  [0m] Started Serial Getty on ttyS0.
         Starting Set console scheme...
[[0;32m  OK  [0m] Started Getty on tty1.
[[0;32m  OK  [0m] Reached target Login Prompts.
[[0;32m  OK  [0m] Started Terminate Plymouth Boot Screen.

[[0;32m  OK  [0m] Started Set console scheme.
[   16.067755] cloud-init[937]: |        S .+ +.B |
[[0;32m  OK  [0m] Started LSB: Set the CPU Frequency Scaling governor to "ondemand".
[   16.077347] [[0;32m  OK  [0m] Started LSB: automatic crash report generation.
cloud-init[937]: |       . . oB B=o|[[0;32m  OK  [0m] Started LSB: daemon to balance interrupts for SMP systems.

         Starting Authenticate and Authorize Users to Run Privileged Tasks...
[   16.115612] cloud-init[937]: |        . .=+o===|
[   16.146984] cloud-init[937]: |         . ..=B=O|
[[0;32m  OK  [0m] Started Virtualbox guest utils.
[   16.158250] cloud-init[937]: |          .  +=OO|[[0;32m  OK  [0m] Started Authenticate and Authorize Users to Run Privileged Tasks.
[[0;32m  OK  [0m] Started Accounts Service.

[   16.170390] cloud-init[937]: +----[SHA256]-----+
[   16.180779] cloud-init[937]: Generating public/private ecdsa key pair.
[   16.189564] cloud-init[937]: Your identification has been saved in /etc/ssh/ssh_host_ecdsa_key.
[   16.202052] cloud-init[937]: Your public key has been saved in /etc/ssh/ssh_host_ecdsa_key.pub.
[   16.210883] cloud-init[937]: The key fingerprint is:
[   16.219183] cloud-init[937]: SHA256:5eW82wPr+ZpWTlUn+CgV+hOYD16OCvG+JmbT2TCSS5E root@ubuntu-xenial
[   16.227168] cloud-init[937]: The key's randomart image is:
[   16.234884] cloud-init[937]: +---[ECDSA 256]---+
[   16.242242] cloud-init[937]: |            .o   |
[   16.250796] cloud-init[937]: |           +o . o|
[   16.258416] cloud-init[937]: |      ..  *.+o .o|[[0;32m  OK  [0m] Started LXD - container startup/shutdown.

[   16.268841] cloud-init[937]: |      Eo +.@... .|
[   16.275160] cloud-init[937]: |      .oS +.B  . |
[   16.281745] cloud-init[937]: |      +oo.  .oo  |
[   16.286777] cloud-init[937]: |     . +o=  .*   |
[   16.293978] cloud-init[937]: |      * +.. o=o  |
[   16.301099] cloud-init[937]: |     o +.  o*oo. |
[   16.307423] cloud-init[937]: +----[SHA256]-----+
[   16.313961] cloud-init[937]: Generating public/private ed25519 key pair.
[   16.319857] cloud-init[937]: Your identification has been saved in /etc/ssh/ssh_host_ed25519_key.
[   16.326878] cloud-init[937]: Your public key has been saved in /etc/ssh/ssh_host_ed25519_key.pub.
[   16.333510] cloud-init[937]: The key fingerprint is:
[   16.339836] cloud-init[937]: SHA256:ffY1FuJ+TBEGFocDwlm9+dfEe2l4msnHNdfpNBsqVRc root@ubuntu-xenial
[   16.347238] cloud-init[937]: The key's randomart image is:
[   16.356487] cloud-init[937]: +--[ED25519 256]--+
[   16.363976] cloud-init[937]: |        ..ooo+++ |
[   16.369419] cloud-init[937]: |         o. .+oE.|
[   16.374706] cloud-init[937]: |             .++.|
[   16.379551] cloud-init[937]: |         .  .o..*|
[   16.384139] cloud-init[937]: |        S . o.+=O|
[   16.388538] cloud-init[937]: |           o.++&O|
[   16.393318] cloud-init[937]: |            o.%oX|
[   16.399242] cloud-init[937]: |           . *.= |
[   16.404670] cloud-init[937]: |            . .  |
[   16.409493] cloud-init[937]: +----[SHA256]-----+
[[0;32m  OK  [0m] Started Snap Daemon.
         Starting Wait until snapd is fully seeded...
[[0;32m  OK  [0m] Started Pollinate to seed the pseudo random number generator.
         Starting OpenBSD Secure Shell server...
[[0;32m  OK  [0m] Started OpenBSD Secure Shell server.
[[0;32m  OK  [0m] Created slice User Slice of vagrant.
         Starting User Manager for UID 1000...
[[0;32m  OK  [0m] Started Session 1 of user vagrant.
[[0;32m  OK  [0m] Started User Manager for UID 1000.
[[0;32m  OK  [0m] Started Wait until snapd is fully seeded.
         Starting Apply the settings specified in cloud-config...
[[0;32m  OK  [0m] Reached target Multi-User System.
[[0;32m  OK  [0m] Reached target Graphical Interface.
         Starting Update UTMP about System Runlevel Changes...
[[0;32m  OK  [0m] Started Update UTMP about System Runlevel Changes.
[   20.965007] cloud-init[1505]: Generating locales (this might take a while)...
[   21.782984] cloud-init[1505]:   en_US.UTF-8... done
[   21.788213] cloud-init[1505]: Generation complete.
[   22.062887] cloud-init[1505]: Cloud-init v. 21.1-19-gbad84ad4-0ubuntu1~16.04.2 running 'modules:config' at Sun, 19 Feb 2023 17:02:05 +0000. Up 20.86 seconds.

Ubuntu 16.04.7 LTS ubuntu-xenial ttyS0

ubuntu-xenial login: ci-info: no authorized SSH keys fingerprints found for user ubuntu.
<14>Feb 19 17:02:07 ec2: 
<14>Feb 19 17:02:07 ec2: #############################################################
<14>Feb 19 17:02:07 ec2: -----BEGIN SSH HOST KEY FINGERPRINTS-----
<14>Feb 19 17:02:07 ec2: 1024 SHA256:sV7rxfOHc2XU9Lix6XvbaEbrZBPbbN7tBwhv7GTl0RE root@ubuntu-xenial (DSA)
<14>Feb 19 17:02:07 ec2: 256 SHA256:5eW82wPr+ZpWTlUn+CgV+hOYD16OCvG+JmbT2TCSS5E root@ubuntu-xenial (ECDSA)
<14>Feb 19 17:02:07 ec2: 256 SHA256:ffY1FuJ+TBEGFocDwlm9+dfEe2l4msnHNdfpNBsqVRc root@ubuntu-xenial (ED25519)
<14>Feb 19 17:02:07 ec2: 2048 SHA256:aI9xuRXBstIiqqBooZA7t8U1cVIt+1SLZASw2GIJSpw root@ubuntu-xenial (RSA)
<14>Feb 19 17:02:07 ec2: -----END SSH HOST KEY FINGERPRINTS-----
<14>Feb 19 17:02:07 ec2: #############################################################
-----BEGIN SSH HOST KEY KEYS-----
ecdsa-sha2-nistp256 AAAAE2VjZHNhLXNoYTItbmlzdHAyNTYAAAAIbmlzdHAyNTYAAABBBPQizz6QawKdkUgkGmEW55oAkNAwZHjt8OVal/GzMbDw99b/D29NDTNrzmpSZJEpkOzejg2HbzizazbJI+MDr2I= root@ubuntu-xenial
ssh-ed25519 AAAAC3NzaC1lZDI1NTE5AAAAIMqYjCBAUJVHji3ABVKk5qj3a7oGpLQ/1MAtOWphfNMu root@ubuntu-xenial
ssh-rsa AAAAB3NzaC1yc2EAAAADAQABAAABAQDBb6MSkLpsoqlL0HprP/0NqtOhA5iu3cpxD13RXZASHDEVb++iu9j4zzlEa1bAl7RVvldNMcMzceh6X5DdfgPoAaM7CRJkDPVI82vj59ApvcKVMnMZcLH5HjUTIdE8EhF4eJUbH5btgf4doKNrJ1IUA+V8OmxP+9hjz3pmothmQmSSaYAQnb181THHUL/QjRKq9L8XrgytELoJSsWEWBad1ZiG3fPt+04MK1zlKZr+RcYkE1JaXgzBy8z3r0GGkd34TYKrTu9BnT1jCSKv+GoEkjSfe2Vms9DD7y8JCeIJm/c4ZDaKoeOhxwiFgEtCi25qmCzd2iUCLQZnXd3SfDyP root@ubuntu-xenial
-----END SSH HOST KEY KEYS-----
[   22.429901] cloud-init[1649]: Cloud-init v. 21.1-19-gbad84ad4-0ubuntu1~16.04.2 running 'modules:final' at Sun, 19 Feb 2023 17:02:07 +0000. Up 22.30 seconds.
[   22.435476] cloud-init[1649]: ci-info: no authorized SSH keys fingerprints found for user ubuntu.
[   22.440573] cloud-init[1649]: Cloud-init v. 21.1-19-gbad84ad4-0ubuntu1~16.04.2 finished at Sun, 19 Feb 2023 17:02:07 +0000. Datasource DataSourceNoCloud [seed=/dev/sdb][dsmode=net].  Up 22.40 seconds
