[    0.000000] Initializing cgroup subsys cpuset
[    0.000000] Initializing cgroup subsys cpu
[    0.000000] Initializing cgroup subsys cpuacct
[    0.000000] Linux version 4.4.0-210-generic (buildd@lgw01-amd64-009) (gcc version 5.4.0 20160609 (Ubuntu 5.4.0-6ubuntu1~16.04.12) ) #242-Ubuntu SMP Fri Apr 16 09:57:56 UTC 2021 (Ubuntu 4.4.0-210.242-generic 4.4.262)
[    0.000000] Command line: BOOT_IMAGE=/boot/vmlinuz-4.4.0-210-generic root=LABEL=cloudimg-rootfs ro console=tty1 console=ttyS0
[    0.000000] KERNEL supported cpus:
[    0.000000]   Intel GenuineIntel
[    0.000000]   AMD AuthenticAMD
[    0.000000]   Centaur CentaurHauls
[    0.000000] x86/fpu: Legacy x87 FPU detected.
[    0.000000] e820: BIOS-provided physical RAM map:
[    0.000000] BIOS-e820: [mem 0x0000000000000000-0x000000000009fbff] usable
[    0.000000] BIOS-e820: [mem 0x000000000009fc00-0x000000000009ffff] reserved
[    0.000000] BIOS-e820: [mem 0x00000000000f0000-0x00000000000fffff] reserved
[    0.000000] BIOS-e820: [mem 0x0000000000100000-0x000000003ffeffff] usable
[    0.000000] BIOS-e820: [mem 0x000000003fff0000-0x000000003fffffff] ACPI data
[    0.000000] BIOS-e820: [mem 0x00000000fec00000-0x00000000fec00fff] reserved
[    0.000000] BIOS-e820: [mem 0x00000000fee00000-0x00000000fee00fff] reserved
[    0.000000] BIOS-e820: [mem 0x00000000fffc0000-0x00000000ffffffff] reserved
[    0.000000] NX (Execute Disable) protection: active
[    0.000000] SMBIOS 2.5 present.
[    0.000000] Hypervisor detected: KVM
[    0.000000] Kernel/User page tables isolation: disabled
[    0.000000] e820: last_pfn = 0x3fff0 max_arch_pfn = 0x400000000
[    0.000000] MTRR: Disabled
[    0.000000] x86/PAT: MTRRs disabled, skipping PAT initialization too.
[    0.000000] CPU MTRRs all blank - virtualized system.
[    0.000000] x86/PAT: Configuration [0-7]: WB  WT  UC- UC  WB  WT  UC- UC  
[    0.000000] found SMP MP-table at [mem 0x0009fff0-0x0009ffff] mapped at [ffff88000009fff0]
[    0.000000] Scanning 1 areas for low memory corruption
[    0.000000] RAMDISK: [mem 0x362dc000-0x37165fff]
[    0.000000] ACPI: Early table checksum verification disabled
[    0.000000] ACPI: RSDP 0x00000000000E0000 000024 (v02 VBOX  )
[    0.000000] ACPI: XSDT 0x000000003FFF0030 00003C (v01 VBOX   VBOXXSDT 00000001 ASL  00000061)
[    0.000000] ACPI: FACP 0x000000003FFF00F0 0000F4 (v04 VBOX   VBOXFACP 00000001 ASL  00000061)
[    0.000000] ACPI: DSDT 0x000000003FFF0470 002325 (v02 VBOX   VBOXBIOS 00000002 INTL 20100528)
[    0.000000] ACPI: FACS 0x000000003FFF0200 000040
[    0.000000] ACPI: FACS 0x000000003FFF0200 000040
[    0.000000] ACPI: APIC 0x000000003FFF0240 00005C (v02 VBOX   VBOXAPIC 00000001 ASL  00000061)
[    0.000000] ACPI: SSDT 0x000000003FFF02A0 0001CC (v01 VBOX   VBOXCPUT 00000002 INTL 20100528)
[    0.000000] No NUMA configuration found
[    0.000000] Faking a node at [mem 0x0000000000000000-0x000000003ffeffff]
[    0.000000] NODE_DATA(0) allocated [mem 0x3ffeb000-0x3ffeffff]
[    0.000000] kvm-clock: Using msrs 4b564d01 and 4b564d00
[    0.000000] kvm-clock: cpu 0, msr 0:3ffe3001, primary cpu clock
[    0.000000] kvm-clock: using sched offset of 3512730368 cycles
[    0.000000] clocksource: kvm-clock: mask: 0xffffffffffffffff max_cycles: 0x1cd42e4dffb, max_idle_ns: 881590591483 ns
[    0.000000] Zone ranges:
[    0.000000]   DMA      [mem 0x0000000000001000-0x0000000000ffffff]
[    0.000000]   DMA32    [mem 0x0000000001000000-0x000000003ffeffff]
[    0.000000]   Normal   empty
[    0.000000]   Device   empty
[    0.000000] Movable zone start for each node
[    0.000000] Early memory node ranges
[    0.000000]   node   0: [mem 0x0000000000001000-0x000000000009efff]
[    0.000000]   node   0: [mem 0x0000000000100000-0x000000003ffeffff]
[    0.000000] Initmem setup node 0 [mem 0x0000000000001000-0x000000003ffeffff]
[    0.000000] ACPI: PM-Timer IO Port: 0x4008
[    0.000000] IOAPIC[0]: apic_id 2, version 32, address 0xfec00000, GSI 0-23
[    0.000000] ACPI: INT_SRC_OVR (bus 0 bus_irq 0 global_irq 2 dfl dfl)
[    0.000000] ACPI: INT_SRC_OVR (bus 0 bus_irq 9 global_irq 9 low level)
[    0.000000] Using ACPI (MADT) for SMP configuration information
[    0.000000] smpboot: Allowing 2 CPUs, 0 hotplug CPUs
[    0.000000] PM: Registered nosave memory: [mem 0x00000000-0x00000fff]
[    0.000000] PM: Registered nosave memory: [mem 0x0009f000-0x0009ffff]
[    0.000000] PM: Registered nosave memory: [mem 0x000a0000-0x000effff]
[    0.000000] PM: Registered nosave memory: [mem 0x000f0000-0x000fffff]
[    0.000000] e820: [mem 0x40000000-0xfebfffff] available for PCI devices
[    0.000000] Booting paravirtualized kernel on KVM
[    0.000000] clocksource: refined-jiffies: mask: 0xffffffff max_cycles: 0xffffffff, max_idle_ns: 7645519600211568 ns
[    0.000000] setup_percpu: NR_CPUS:512 nr_cpumask_bits:512 nr_cpu_ids:2 nr_node_ids:1
[    0.000000] PERCPU: Embedded 33 pages/cpu @ffff88003fc00000 s95192 r8192 d31784 u1048576
[    0.000000] Built 1 zonelists in Node order, mobility grouping on.  Total pages: 257912
[    0.000000] Policy zone: DMA32
[    0.000000] Kernel command line: BOOT_IMAGE=/boot/vmlinuz-4.4.0-210-generic root=LABEL=cloudimg-rootfs ro console=tty1 console=ttyS0
[    0.000000] PID hash table entries: 4096 (order: 3, 32768 bytes)
[    0.000000] Memory: 997792K/1048120K available (8644K kernel code, 1332K rwdata, 4044K rodata, 1492K init, 1164K bss, 50328K reserved, 0K cma-reserved)
[    0.000000] SLUB: HWalign=64, Order=0-3, MinObjects=0, CPUs=2, Nodes=1
[    0.000000] Hierarchical RCU implementation.
[    0.000000] 	Build-time adjustment of leaf fanout to 64.
[    0.000000] 	RCU restricting CPUs from NR_CPUS=512 to nr_cpu_ids=2.
[    0.000000] RCU: Adjusting geometry for rcu_fanout_leaf=64, nr_cpu_ids=2
[    0.000000] NR_IRQS:33024 nr_irqs:440 16
[    0.000000] Console: colour VGA+ 80x25
[    0.000000] console [tty1] enabled
[    0.000000] console [ttyS0] enabled
[    0.000000] tsc: Detected 2903.996 MHz processor
[    0.438842] Calibrating delay loop (skipped) preset value.. 5807.99 BogoMIPS (lpj=11615984)
[    0.444739] pid_max: default: 32768 minimum: 301
[    0.447976] ACPI: Core revision 20150930
[    0.451676] ACPI: 2 ACPI AML tables successfully acquired and loaded
[    0.457059] Security Framework initialized
[    0.459937] Yama: becoming mindful.
[    0.462591] AppArmor: AppArmor initialized
[    0.465610] Dentry cache hash table entries: 131072 (order: 8, 1048576 bytes)
[    0.472905] Inode-cache hash table entries: 65536 (order: 7, 524288 bytes)
[    0.479139] Mount-cache hash table entries: 2048 (order: 2, 16384 bytes)
[    0.485256] Mountpoint-cache hash table entries: 2048 (order: 2, 16384 bytes)
[    0.493222] Initializing cgroup subsys io
[    0.496353] Initializing cgroup subsys memory
[    0.499829] Initializing cgroup subsys devices
[    0.503648] Initializing cgroup subsys freezer
[    0.507505] Initializing cgroup subsys net_cls
[    0.512766] Initializing cgroup subsys perf_event
[    0.517565] Initializing cgroup subsys net_prio
[    0.521267] Initializing cgroup subsys hugetlb
[    0.525049] Initializing cgroup subsys pids
[    0.530190] mce: CPU supports 0 MCE banks
[    0.533739] Last level iTLB entries: 4KB 64, 2MB 8, 4MB 8
[    0.540239] Last level dTLB entries: 4KB 64, 2MB 0, 4MB 0, 1GB 4
[    0.544539] Spectre V1 : Mitigation: usercopy/swapgs barriers and __user pointer sanitization
[    0.552786] Spectre V2 : Mitigation: Enhanced IBRS
[    0.556525] Spectre V2 : Spectre v2 / SpectreRSB mitigation: Filling RSB on context switch
[    0.564994] Speculative Store Bypass: Vulnerable
[    0.597514] Freeing SMP alternatives memory: 36K
[    0.663949] ftrace: allocating 32380 entries in 127 pages
[    1.093087] smpboot: APIC(0) Converting physical 0 to logical package 0
[    1.098114] smpboot: Max logical packages: 1
[    1.111613] ..TIMER: vector=0x30 apic1=0 pin1=2 apic2=-1 pin2=-1
[    1.224433] smpboot: CPU0: Intel(R) Core(TM) i5-10400F CPU @ 2.90GHz (family: 0x6, model: 0xa5, stepping: 0x3)
[    1.232245] Performance Events: unsupported p6 CPU model 165 no PMU driver, software events only.
[    1.306198] KVM setup paravirtual spinlock
[    1.311138] x86: Booting SMP configuration:
[    1.314081] .... node  #0, CPUs:      #1
[    1.317901] kvm-clock: cpu 1, msr 0:3ffe3041, secondary cpu clock
[    1.321990] mce: CPU supports 0 MCE banks
[    1.325762] TSC synchronization [CPU#0 -> CPU#1]:
[    1.329411] Measured 35191 cycles TSC warp between CPUs, turning off TSC clock.
[    1.334366] tsc: Marking TSC unstable due to check_tsc_sync_source failed
[    0.424167] x86: Booted up 1 node, 2 CPUs
[    0.427395] smpboot: Total of 2 processors activated (11615.98 BogoMIPS)
[    0.433554] devtmpfs: initialized
[    0.437745] evm: security.selinux
[    0.440004] evm: security.SMACK64
[    0.442287] evm: security.SMACK64EXEC
[    0.444002] evm: security.SMACK64TRANSMUTE
[    0.448002] evm: security.SMACK64MMAP
[    0.450506] evm: security.ima
[    0.452003] evm: security.capability
[    0.454692] clocksource: jiffies: mask: 0xffffffff max_cycles: 0xffffffff, max_idle_ns: 7645041785100000 ns
[    0.456017] futex hash table entries: 512 (order: 3, 32768 bytes)
[    0.460288] pinctrl core: initialized pinctrl subsystem
[    0.464303] RTC time: 18:18:51, date: 02/19/23
[    0.468725] NET: Registered protocol family 16
[    0.484009] cpuidle: using governor ladder
[    0.496008] cpuidle: using governor menu
[    0.498796] PCCT header not found.
[    0.500166] ACPI: bus type PCI registered
[    0.502944] acpiphp: ACPI Hot Plug PCI Controller Driver version: 0.5
[    0.504369] PCI: Using configuration type 1 for base access
[    0.524293] ACPI: Added _OSI(Module Device)
[    0.528003] ACPI: Added _OSI(Processor Device)
[    0.531218] ACPI: Added _OSI(3.0 _SCP Extensions)
[    0.532005] ACPI: Added _OSI(Processor Aggregator Device)
[    0.540350] ACPI: Executed 1 blocks of module-level executable AML code
[    0.547182] ACPI: Interpreter enabled
[    0.548009] ACPI: (supports S0 S5)
[    0.552002] ACPI: Using IOAPIC for interrupt routing
[    0.555716] PCI: Using host bridge windows from ACPI; if necessary, use "pci=nocrs" and report a bug
[    0.564825] ACPI: PCI Root Bridge [PCI0] (domain 0000 [bus 00-ff])
[    0.568006] acpi PNP0A03:00: _OSC: OS supports [ASPM ClockPM Segments MSI]
[    0.572547] acpi PNP0A03:00: _OSC: not requesting OS control; OS requires [ExtendedConfig ASPM ClockPM MSI]
[    0.576010] acpi PNP0A03:00: fail to add MMCONFIG information, can't access extended PCI configuration space under this bridge.
[    0.580571] PCI host bridge to bus 0000:00
[    0.584003] pci_bus 0000:00: root bus resource [io  0x0000-0x0cf7 window]
[    0.588003] pci_bus 0000:00: root bus resource [io  0x0d00-0xffff window]
[    0.592004] pci_bus 0000:00: root bus resource [mem 0x000a0000-0x000bffff window]
[    0.596004] pci_bus 0000:00: root bus resource [mem 0x40000000-0xfdffffff window]
[    0.600004] pci_bus 0000:00: root bus resource [bus 00-ff]
[    0.610333] pci 0000:00:01.1: legacy IDE quirk: reg 0x10: [io  0x01f0-0x01f7]
[    0.612002] pci 0000:00:01.1: legacy IDE quirk: reg 0x14: [io  0x03f6]
[    0.616003] pci 0000:00:01.1: legacy IDE quirk: reg 0x18: [io  0x0170-0x0177]
[    0.620003] pci 0000:00:01.1: legacy IDE quirk: reg 0x1c: [io  0x0376]
[    0.638341] pci 0000:00:07.0: quirk: [io  0x4000-0x403f] claimed by PIIX4 ACPI
[    0.640030] pci 0000:00:07.0: quirk: [io  0x4100-0x410f] claimed by PIIX4 SMB
[    0.652706] ACPI: PCI Interrupt Link [LNKA] (IRQs 5 9 10 *11)
[    0.658594] ACPI: PCI Interrupt Link [LNKB] (IRQs 5 9 *10 11)
[    0.664174] ACPI: PCI Interrupt Link [LNKC] (IRQs 5 *9 10 11)
[    0.672578] ACPI: PCI Interrupt Link [LNKD] (IRQs 5 9 10 *11)
[    0.678355] ACPI: Enabled 2 GPEs in block 00 to 07
[    0.680172] vgaarb: setting as boot device: PCI:0000:00:02.0
[    0.684000] vgaarb: device added: PCI:0000:00:02.0,decodes=io+mem,owns=io+mem,locks=none
[    0.684004] vgaarb: loaded
[    0.685928] vgaarb: bridge control possible 0000:00:02.0
[    0.688329] SCSI subsystem initialized
[    0.692216] ACPI: bus type USB registered
[    0.696035] usbcore: registered new interface driver usbfs
[    0.700025] usbcore: registered new interface driver hub
[    0.704009] usbcore: registered new device driver usb
[    0.712165] PCI: Using ACPI for IRQ routing
[    0.716543] NetLabel: Initializing
[    0.718914] NetLabel:  domain hash size = 128
[    0.720002] NetLabel:  protocols = UNLABELED CIPSOv4
[    0.724012] NetLabel:  unlabeled traffic allowed by default
[    0.728105] amd_nb: Cannot enumerate AMD northbridges
[    0.732220] clocksource: Switched to clocksource kvm-clock
[    0.740132] AppArmor: AppArmor Filesystem Enabled
[    0.740132] pnp: PnP ACPI init
[    0.740132] pnp: PnP ACPI: found 3 devices
[    0.799894] clocksource: acpi_pm: mask: 0xffffff max_cycles: 0xffffff, max_idle_ns: 2085701024 ns
[    0.800235] NET: Registered protocol family 2
[    0.809521] TCP established hash table entries: 8192 (order: 4, 65536 bytes)
[    0.814397] TCP bind hash table entries: 8192 (order: 5, 131072 bytes)
[    0.818206] TCP: Hash tables configured (established 8192 bind 8192)
[    0.818206] UDP hash table entries: 512 (order: 2, 16384 bytes)
[    0.818206] UDP-Lite hash table entries: 512 (order: 2, 16384 bytes)
[    0.818206] NET: Registered protocol family 1
[    0.818206] pci 0000:00:00.0: Limiting direct PCI/PCI transfers
[    0.818206] pci 0000:00:01.0: Activating ISA DMA hang workarounds
[    0.818206] Unpacking initramfs...
[    0.818206] Freeing initrd memory: 14888K
[    0.818206] clocksource: tsc: mask: 0xffffffffffffffff max_cycles: 0x29dc020bb13, max_idle_ns: 440795273180 ns
[    0.818206] platform rtc_cmos: registered platform RTC device (no PNP device found)
[    0.818206] Scanning for low memory corruption every 60 seconds
[    1.143729] audit: initializing netlink subsys (disabled)
[    1.148122] audit: type=2000 audit(1676830736.762:1): initialized
[    1.152072] Initialise system trusted keyring
[    1.156570] HugeTLB registered 2 MB page size, pre-allocated 0 pages
[    1.162516] zbud: loaded
[    1.165012] VFS: Disk quotas dquot_6.6.0
[    1.167816] VFS: Dquot-cache hash table entries: 512 (order 0, 4096 bytes)
[    1.173045] squashfs: version 4.0 (2009/01/31) Phillip Lougher
[    1.178202] fuse init (API version 7.23)
[    1.182126] Key type big_key registered
[    1.184753] Allocating IMA MOK and blacklist keyrings.
[    1.196430] Key type asymmetric registered
[    1.199172] Asymmetric key parser 'x509' registered
[    1.202622] Block layer SCSI generic (bsg) driver version 0.4 loaded (major 249)
[    1.207815] io scheduler noop registered
[    1.210627] io scheduler deadline registered (default)
[    1.214179] io scheduler cfq registered
[    1.216923] pci_hotplug: PCI Hot Plug PCI Core version: 0.5
[    1.220618] pciehp: PCI Express Hot Plug Controller Driver version: 0.4
[    1.225101] ACPI: AC Adapter [AC] (on-line)
[    1.227897] input: Power Button as /devices/LNXSYSTM:00/LNXPWRBN:00/input/input0
[    1.233122] ACPI: Power Button [PWRF]
[    1.235681] input: Sleep Button as /devices/LNXSYSTM:00/LNXSLPBN:00/input/input1
[    1.240723] ACPI: Sleep Button [SLPF]
[    1.244063] GHES: HEST is not enabled!
[    1.247000] Serial: 8250/16550 driver, 32 ports, IRQ sharing enabled
[    1.275980] 00:02: ttyS0 at I/O 0x3f8 (irq = 4, base_baud = 115200) is a 16550A
[    1.296613] Linux agpgart interface v0.103
[    1.309181] loop: module loaded
[    1.313637] scsi host0: ata_piix
[    1.316924] scsi host1: ata_piix
[    1.319271] ata1: PATA max UDMA/33 cmd 0x1f0 ctl 0x3f6 bmdma 0xd000 irq 14
[    1.324382] ata2: PATA max UDMA/33 cmd 0x170 ctl 0x376 bmdma 0xd008 irq 15
[    1.329478] libphy: Fixed MDIO Bus: probed
[    1.332970] tun: Universal TUN/TAP device driver, 1.6
[    1.336660] tun: (C) 1999-2004 Max Krasnyansky <maxk@qualcomm.com>
[    1.341235] PPP generic driver version 2.4.2
[    1.344845] ehci_hcd: USB 2.0 'Enhanced' Host Controller (EHCI) Driver
[    1.349788] ehci-pci: EHCI PCI platform driver
[    1.353009] ehci-platform: EHCI generic platform driver
[    1.356619] ohci_hcd: USB 1.1 'Open' Host Controller (OHCI) Driver
[    1.360901] ohci-pci: OHCI PCI platform driver
[    1.364294] ohci-platform: OHCI generic platform driver
[    1.367768] uhci_hcd: USB Universal Host Controller Interface driver
[    1.372399] i8042: PNP: PS/2 Controller [PNP0303:PS2K,PNP0f03:PS2M] at 0x60,0x64 irq 1,12
[    1.381183] serio: i8042 KBD port at 0x60,0x64 irq 1
[    1.383727] serio: i8042 AUX port at 0x60,0x64 irq 12
[    1.389271] mousedev: PS/2 mouse device common for all mice
[    1.396902] rtc_cmos rtc_cmos: rtc core: registered rtc_cmos as rtc0
[    1.401920] input: AT Translated Set 2 keyboard as /devices/platform/i8042/serio0/input/input2
[    1.407726] rtc_cmos rtc_cmos: alarms up to one day, 114 bytes nvram
[    1.412260] i2c /dev entries driver
[    1.415046] device-mapper: uevent: version 1.0.3
[    1.418711] device-mapper: ioctl: 4.34.0-ioctl (2015-10-28) initialised: dm-devel@redhat.com
[    1.425091] ledtrig-cpu: registered to indicate activity on CPUs
[    1.431414] NET: Registered protocol family 10
[    1.435054] NET: Registered protocol family 17
[    1.438162] Key type dns_resolver registered
[    1.442786] registered taskstats version 1
[    1.445781] Loading compiled-in X.509 certificates
[    1.449634] Loaded X.509 cert 'Build time autogenerated kernel key: cf00e047681d67edb2720680708b7d9498083038'
[    1.456673] zswap: loaded using pool lzo/zbud
[    1.462904] Key type trusted registered
[    1.470352] Key type encrypted registered
[    1.473528] AppArmor: AppArmor sha1 policy hashing enabled
[    1.477304] ima: No TPM chip found, activating TPM-bypass!
[    1.481170] ima: Allocated hash algorithm: sha1
[    1.484290] evm: HMAC attrs: 0x1
[    1.531837]   Magic number: 11:583:342
[    1.535208] rtc_cmos rtc_cmos: setting system clock to 2023-02-19 18:18:53 UTC (1676830733)
[    1.541231] BIOS EDD facility v0.16 2004-Jun-25, 0 devices found
[    1.546382] EDD information not available.
[    1.551211] Freeing unused kernel memory: 1492K
[    1.554445] Write protecting the kernel read-only data: 14336k
[    1.559180] Freeing unused kernel memory: 1584K
[    1.562772] Freeing unused kernel memory: 52K
Loading, please wait...
starting version 229
[    1.587485] random: systemd-udevd: uninitialized urandom read (16 bytes read, 5 bits of entropy available)
[    1.588330] random: udevadm: uninitialized urandom read (16 bytes read, 5 bits of entropy available)
[    1.588340] random: udevadm: uninitialized urandom read (16 bytes read, 5 bits of entropy available)
[    1.595897] random: udevadm: uninitialized urandom read (16 bytes read, 5 bits of entropy available)
[    1.595921] random: udevadm: uninitialized urandom read (16 bytes read, 5 bits of entropy available)
[    1.596040] random: udevadm: uninitialized urandom read (16 bytes read, 5 bits of entropy available)
[    1.596067] random: udevadm: uninitialized urandom read (16 bytes read, 5 bits of entropy available)
[    1.596132] random: udevadm: uninitialized urandom read (16 bytes read, 5 bits of entropy available)
[    1.596185] random: udevadm: uninitialized urandom read (16 bytes read, 5 bits of entropy available)
[    1.596212] random: udevadm: uninitialized urandom read (16 bytes read, 5 bits of entropy available)
[    1.680976] e1000: Intel(R) PRO/1000 Network Driver - version 7.3.21-k8-NAPI
[    1.684078] e1000: Copyright (c) 1999-2006 Intel Corporation.
[    1.692590] Fusion MPT base driver 3.04.20
[    1.695763] Copyright (c) 1999-2008 LSI Corporation
[    1.715455] Fusion MPT SPI Host driver 3.04.20
[    2.009166] input: ImExPS/2 Generic Explorer Mouse as /devices/platform/i8042/serio1/input/input4
[    2.298164] e1000 0000:00:03.0 eth0: (PCI:33MHz:32-bit) 02:be:82:6b:cc:1d
[    2.304832] e1000 0000:00:03.0 eth0: Intel(R) PRO/1000 Network Connection
[    2.313449] mptbase: ioc0: Initiating bringup
[    2.381893] ioc0: LSI53C1030 A0: Capabilities={Initiator}
[    2.558192] scsi host2: ioc0: LSI53C1030 A0, FwRev=00000000h, Ports=1, MaxQ=256, IRQ=20
[    2.677294] scsi 2:0:0:0: Direct-Access     VBOX     HARDDISK         1.0  PQ: 0 ANSI: 5
[    2.684292] scsi target2:0:0: Beginning Domain Validation
[    2.694115] scsi target2:0:0: Domain Validation skipping write tests
[    2.698752] scsi target2:0:0: Ending Domain Validation
[    2.702847] scsi target2:0:0: asynchronous
[    2.708462] scsi 2:0:1:0: Direct-Access     VBOX     HARDDISK         1.0  PQ: 0 ANSI: 5
[    2.713979] scsi target2:0:1: Beginning Domain Validation
[    2.723335] scsi target2:0:1: Domain Validation skipping write tests
[    2.727686] scsi target2:0:1: Ending Domain Validation
[    2.732152] scsi target2:0:1: asynchronous
[    2.752876] sd 2:0:0:0: Attached scsi generic sg0 type 0
[    2.753906] sd 2:0:0:0: [sda] 83886080 512-byte logical blocks: (42.9 GB/40.0 GiB)
[    2.754401] sd 2:0:0:0: [sda] Write Protect is off
[    2.754732] sd 2:0:0:0: [sda] Incomplete mode parameter data
[    2.754733] sd 2:0:0:0: [sda] Assuming drive cache: write through
[    2.775206] sd 2:0:1:0: Attached scsi generic sg1 type 0
[    2.779219]  sda: sda1
[    2.782055] sd 2:0:1:0: [sdb] 20480 512-byte logical blocks: (10.5 MB/10.0 MiB)
[    2.792974] sd 2:0:1:0: [sdb] Write Protect is off
[    2.797598] sd 2:0:1:0: [sdb] Incomplete mode parameter data
[    2.801883] sd 2:0:1:0: [sdb] Assuming drive cache: write through
[    2.806014] sd 2:0:0:0: [sda] Attached SCSI disk
[    2.817126] sd 2:0:1:0: [sdb] Attached SCSI disk
[    3.274456] e1000 0000:00:08.0 eth1: (PCI:33MHz:32-bit) 08:00:27:2d:f7:de
[    3.279412] e1000 0000:00:08.0 eth1: Intel(R) PRO/1000 Network Connection
[    3.285685] e1000 0000:00:03.0 enp0s3: renamed from eth0
[    3.301190] e1000 0000:00:08.0 enp0s8: renamed from eth1
Begin: Loading essential drivers ... [    4.821661] md: linear personality registered for level -1
[    4.829076] md: multipath personality registered for level -4
[    4.835738] md: raid0 personality registered for level 0
[    4.849798] md: raid1 personality registered for level 1
[    5.543072] raid6: sse2x1   gen() 128628 MB/s
[    7.544345] raid6: sse2x1   xor() 128476 MB/s
[    9.543738] raid6: sse2x2   gen() 268545 MB/s
[   10.615311] raid6: sse2x2   xor() 12693 MB/s
[   10.690145] raid6: sse2x4   gen() 18594 MB/s
[   10.765046] raid6: sse2x4   xor() 11619 MB/s
[   10.768268] raid6: using algorithm sse2x2 gen() 268545 MB/s
[   10.772271] raid6: .... xor() 12693 MB/s, rmw enabled
[   10.775805] raid6: using ssse3x2 recovery algorithm
[   10.781704] xor: measuring software checksum speed
[   10.824848]    prefetch64-sse: 21474.000 MB/sec
[   10.864866]    generic_sse: 20506.000 MB/sec
[   10.867780] xor: using function: prefetch64-sse (21474.000 MB/sec)
[   10.873863] async_tx: api initialized (async)
[   10.907036] md: raid6 personality registered for level 6
[   10.910833] md: raid5 personality registered for level 5
[   10.914735] md: raid4 personality registered for level 4
[   10.933519] md: raid10 personality registered for level 10
done.
Begin: Running /scripts/init-premount ... done.
Begin: Mounting root file system ... Begin: Running /scripts/local-top ... done.
Begin: Running /scripts/local-premount ... [   10.999879] Btrfs loaded
Scanning for Btrfs filesystems
done.
Warning: fsck not present, so skipping root file system
[   11.045812] EXT4-fs (sda1): mounted filesystem with ordered data mode. Opts: (null)
done.
Begin: Running /scripts/local-bottom ... done.
Begin: Running /scripts/init-bottom ... done.
[   11.220819] systemd[1]: systemd 229 running in system mode. (+PAM +AUDIT +SELINUX +IMA +APPARMOR +SMACK +SYSVINIT +UTMP +LIBCRYPTSETUP +GCRYPT +GNUTLS +ACL +XZ -LZ4 +SECCOMP +BLKID +ELFUTILS +KMOD -IDN)
[   11.232628] systemd[1]: Detected virtualization oracle.
[   11.236504] systemd[1]: Detected architecture x86-64.

Welcome to [1mUbuntu 16.04.7 LTS[0m!

[   11.248821] systemd[1]: Set hostname to <ubuntu>.
[   11.257753] systemd[1]: Initializing machine ID from random generator.
[   11.262327] systemd[1]: Installed transient /etc/machine-id file.
[   11.442690] systemd[1]: Listening on LVM2 metadata daemon socket.
[[0;32m  OK  [0m] Listening on LVM2 metadata daemon socket.
[   11.451779] systemd[1]: Created slice User and Session Slice.
[[0;32m  OK  [0m] Created slice User and Session Slice.
[   11.460730] systemd[1]: Reached target User and Group Name Lookups.
[[0;32m  OK  [0m] Reached target User and Group Name Lookups.
[   11.469813] systemd[1]: Reached target Swap.
[[0;32m  OK  [0m] Reached target Swap.
[   11.477177] systemd[1]: Listening on Journal Socket.
[[0;32m  OK  [0m] Listening on Journal Socket.
[   11.485116] systemd[1]: Reached target Encrypted Volumes.
[[0;32m  OK  [0m] Reached target Encrypted Volumes.
[   11.493391] systemd[1]: Listening on Journal Audit Socket.
[[0;32m  OK  [0m] Listening on Journal Audit Socket.
[   11.501770] systemd[1]: Listening on udev Kernel Socket.
[[0;32m  OK  [0m] Listening on udev Kernel Socket.
[   11.509942] systemd[1]: Listening on /dev/initctl Compatibility Named Pipe.
[[0;32m  OK  [0m] Listening on /dev/initctl Compatibility Named Pipe.
[   11.519336] systemd[1]: Listening on Syslog Socket.
[[0;32m  OK  [0m] Listening on Syslog Socket.
[   11.527181] systemd[1]: Listening on fsck to fsckd communication Socket.
[[0;32m  OK  [0m] Listening on fsck to fsckd communication Socket.
[   11.536408] systemd[1]: Listening on LVM2 poll daemon socket.
[[0;32m  OK  [0m] Listening on LVM2 poll daemon socket.
[   11.544998] systemd[1]: Created slice System Slice.
[[0;32m  OK  [0m] Created slice System Slice.
[   11.564453] systemd[1]: Starting Set console keymap...
         Starting Set console keymap...
[   11.573934] systemd[1]: Created slice system-serial\x2dgetty.slice.
[[0;32m  OK  [0m] Created slice system-serial\x2dgetty.slice.
[   11.585035] systemd[1]: Mounting POSIX Message Queue File System...
         Mounting POSIX Message Queue File System...
[   11.595023] systemd[1]: Starting Nameserver information manager...
         Starting Nameserver information manager...
[   11.604941] systemd[1]: Starting Uncomplicated firewall...
         Starting Uncomplicated firewall...
[   11.613936] systemd[1]: Listening on Device-mapper event daemon FIFOs.
[[0;32m  OK  [0m] Listening on Device-mapper event daemon FIFOs.
[   11.625455] systemd[1]: Starting Load Kernel Modules...
         Starting Load Kernel Modules...
[   11.635830] systemd[1]: Listening on Journal Socket (/dev/log).
[[0;32m  OK  [0m] Listening on Journal Socket (/dev/log).
[   11.644973] systemd[1]: Reached target System Time Synchronized.
[   11.650978] Loading iSCSI transport class v2.0-870.
[[0;32m  OK  [0m] Reached target System Time Synchronized.
[   11.657337] systemd[1]: Starting File System Check on Root Device...
         Starting File System Check on Root Device...
[   11.666916] systemd[1]: Reached target Slices.
[[0;32m  OK  [0m] Reached target Slices.
[   11.676209] systemd[1]: Started Forward Password Requests to Wall Directory Watch.
[[0;32m  OK  [0m] [   11.685009] iscsi: registered transport (tcp)
Started Forward Password Requests to Wall Directory Watch.
[   11.689892] systemd[1]: Set up automount Arbitrary Executable File Formats File System Automount Point.
[[0;32m  OK  [0m] Set up automount Arbitrary Executab...ats File System Automount Point.
[   11.724417] systemd[1]: Mounting Huge Pages File System...
         Mounting Huge Pages File System...
[   11.731599] systemd[1]: Started Trigger resolvconf update for networkd DNS.
[[0;32m  OK  [0m] Started Trigger resolvconf update for networkd DNS.
[   11.739799] systemd[1]: Listening on udev Control Socket.
[[0;32m  OK  [0m] Listening on udev Control Socket.
[   11.749057] systemd[1]: Mounting Debug File System...
         Mounting Debug File System...
[   11.757993] systemd[1]: Starting Create list of required static device nodes for the current kernel...
         Starting Create list of required st... nodes for the current kernel...
[   11.771478] systemd[1]: Starting Monitoring of LVM2 mirrors, snapshots etc. using dmeventd or progress polling...
         Starting Monitoring of LVM2 mirrors... dmeventd or progress polling...
[   11.784249] systemd[1]: Starting Journal Service...
         Starting Journal Service...
[   11.794362] systemd[1]: Mounted Huge Pages File System.
[[0;32m  OK  [0m] Mounted Huge Pages File System.
[   11.801236] systemd[1]: Mounted POSIX Message Queue File System.
[[0;32m  OK  [0m] Mounted POSIX Message Queue File System.
[   11.808964] systemd[1]: Mounted Debug File System.
[[0;32m  OK  [0m] Mounted Debug File System.
[   11.815127] systemd[1]: Started Set console keymap.
[[0;32m  OK  [0m] Started Set console keymap.
[   11.822116] iscsi: registered transport (iser)
[   11.823004] systemd[1]: Started Uncomplicated firewall.
[[0;32m  OK  [0m] Started Uncomplicated firewall.
[   11.833721] systemd[1]: Started Load Kernel Modules.
[[0;32m  OK  [0m] Started Load Kernel Modules.
[   11.840283] systemd[1]: Started File System Check on Root Device.
[[0;32m  OK  [0m] Started File System Check on Root Device.
[   11.847519] systemd[1]: Started Create list of required static device nodes for the current kernel.
[[0;32m  OK  [0m] Started Create list of required sta...ce nodes for the current kernel.
[   11.868218] systemd[1]: Started Nameserver information manager.
[[0;32m  OK  [0m] Started Nameserver information manager.
[   11.877337] systemd[1]: Started Journal Service.
[[0;32m  OK  [0m] Started Journal Service.
[[0;32m  OK  [0m] Started LVM2 metadata daemon.
[[0;32m  OK  [0m] Started File System Check Daemon to report status.
         Starting Create Static Device Nodes in /dev...
         Starting Remount Root and Kernel File Systems...
         Mounting FUSE Control File System...
         Starting Apply Kernel Variables...
[[0;32m  OK  [0m] Mounted FUSE Control File System.
[   11.918927] EXT4-fs (sda1): re-mounted. Opts: (null)
[[0;32m  OK  [0m] Started Remount Root and Kernel File Systems.
         Starting Flush Journal to Persistent Storage...
         Starting Load/Save Random Seed...
         Starting udev Coldplug all Devices...
[[0;32m  OK  [0m] Started Create Static Device Nodes in /dev.
[[0;32m  OK  [0m] Started Apply Kernel Variables.
[[0;32m  OK  [0m] Started Load/Save Random Seed.
         Starting udev Kernel Device Manager...
[[0;32m  OK  [0m] Started Flush Journal to Persistent Storage.
[[0;32m  OK  [0m] Started udev Coldplug all Devices.
[[0;32m  OK  [0m] Started udev Kernel Device Manager.
[[0;32m  OK  [0m] Started Dispatch Password Requests to Console Directory Watch.
[[0;32m  OK  [0m] Started Monitoring of LVM2 mirrors,...ng dmeventd or progress polling.
[[0;32m  OK  [0m] Reached target Local File Systems (Pre).
[[0;32m  OK  [0m] Reached target Local File Systems.
         Starting Tell Plymouth To Write Out Runtime Data...
         Starting Set console font and keymap...
         Starting Create Volatile Files and Directories...
         Starting LSB: AppArmor initialization...
         Starting Initial cloud-init job (pre-networking)...
         Starting Commit a transient machine-id on disk...
[[0;32m  OK  [0m] Started Tell Plymouth To Write Out Runtime Data.
[[0;32m  OK  [0m] Started Create Volatile Files and Directories.
[[0;32m  OK  [0m] Found device /dev/ttyS0.
[[0;32m  OK  [0m] Listening on Load/Save RF Kill Switch Status /dev/rfkill Watch.
         Starting Update UTMP about System Boot/Shutdown...
[[0;32m  OK  [0m] Started Commit a transient machine-id on disk.
[[0;32m  OK  [0m] Started Update UTMP about System Boot/Shutdown.
[[0;32m  OK  [0m] Started LSB: AppArmor initialization.
[   13.509368] cloud-init[499]: Cloud-init v. 21.1-19-gbad84ad4-0ubuntu1~16.04.2 running 'init-local' at Sun, 19 Feb 2023 18:19:05 +0000. Up 13.22 seconds.
         Starting Load AppArmor profiles managed internally by snapd...
[[0;32m  OK  [0m] Started Load AppArmor profiles managed internally by snapd.
[[0;32m  OK  [0m] Started Initial cloud-init job (pre-networking).
[[0;32m  OK  [0m] Reached target Network (Pre).
         Starting Raise network interfaces...
[[0;32m  OK  [0m] Started Set console font and keymap.
[[0;32m  OK  [0m] Created slice system-getty.slice.
[[0;32m  OK  [0m] Started Raise network interfaces.
[[0;32m  OK  [0m] Reached target Network.
         Starting Initial cloud-init job (metadata service crawler)...
[   14.911941] cloud-init[941]: Cloud-init v. 21.1-19-gbad84ad4-0ubuntu1~16.04.2 running 'init' at Sun, 19 Feb 2023 18:19:06 +0000. Up 14.50 seconds.
[   14.918132] cloud-init[941]: ci-info: ++++++++++++++++++++++++++++++++++++++Net device info+++++++++++++++++++++++++++++++++++++++
[   14.935291] cloud-init[941]: ci-info: +--------+-------+----------------------------+---------------+--------+-------------------+
[   14.946178] cloud-init[941]: ci-info: | Device |   Up  |          Address           |      Mask     | Scope  |     Hw-Address    |
[   14.956754] cloud-init[941]: ci-info: +--------+-------+----------------------------+---------------+--------+-------------------+
[   14.968834] cloud-init[941]: ci-info: | enp0s3 |  True |         10.0.2.15          | 255.255.255.0 | global | 02:be:82:6b:cc:1d |[[0;32m  OK  [0m] Started Initial cloud-init job (metadata service crawler).
[   14.976903] cloud-init[941]: ci-info: | enp0s3 |  True | fe80::be:82ff:fe6b:cc1d/64 |       .       |  link  | 02:be:82:6b:cc:1d |
[   14.977049] cloud-init[941]: ci-info: | enp0s8 | False |             .              |       .       |   .    | 08:00:27:2d:f7:de |
[   14.977396] cloud-init[941]: ci-info: |   lo   |  True |         127.0.0.1          |   255.0.0.0   |  host  |         .         |
[   14.977673] cloud-init[941]: ci-info: |   lo   |  True |          ::1/128           |       .       |  host  |         .         |
[   14.977962] cloud-init[941]: ci-info: +--------+-------+----------------------------+---------------+--------+-------------------+
[   14.978320] cloud-init[941]: ci-info: +++++++++++++++++++++++++++Route IPv4 info++++++++++++++++++++++++++++
[   14.978522] cloud-init[941]: ci-info: +-------+-------------+----------+---------------+-----------+-------+
[   14.978804] cloud-init[941]: ci-info: | Route | Destination | Gateway  |    Genmask    | Interface | Flags |
[   14.979091] cloud-init[941]: ci-info: +-------+-------------+----------+---------------+-----------+-------+
[   14.979371] cloud-init[941]: ci-info: |   0   |   0.0.0.0   | 10.0.2.2 |    0.0.0.0    |   enp0s3  |   UG  |
[   14.979651] cloud-init[941]: ci-info: |   1   |   10.0.2.0  | 0.0.0.0  | 255.255.255.0 |   enp0s3  |   U   |
[   14.979972] cloud-init[941]: ci-info: +-------+-------------+----------+---------------+-----------+-------+
[   14.981120] cloud-init[941]: ci-info: +++++++++++++++++++Route IPv6 info+++++++++++++++++++
[   14.981404] cloud-init[941]: ci-info: +-------+-------------+---------+-----------+-------+
[   14.981675] cloud-init[941]: ci-info: | Route | Destination | Gateway | Interface | Flags |
[   14.981952] cloud-init[941]: ci-info: +-------+-------------+---------+-----------+-------+
[   14.982230] cloud-init[941]: ci-info: |   0   |  fe80::/64  |    ::   |   enp0s3  |   U   |
[   14.982532] cloud-init[941]: ci-info: |   3   |   ff00::/8  |    ::   |   enp0s3  |   U   |
[   14.982794] cloud-init[941]: ci-info: +-------+-------------+---------+-----------+-------+
[   14.983068] cloud-init[941]: Generating public/private rsa key pair.
[   14.983384] cloud-init[941]: Your identification has been saved in /etc/ssh/ssh_host_rsa_key.
[   14.983641] cloud-init[941]: Your public key has been saved in /etc/ssh/ssh_host_rsa_key.pub.
[   14.983917] cloud-init[941]: The key fingerprint is:
[   14.984529] cloud-init[941]: SHA256:zBGFZYE1eiolBTKwEsFv+Zl+HtSUKHS5AJAWOGd0lGk root@ubuntu-xenial
[   14.984806] cloud-init[941]: The key's randomart image is:
[   14.985085] cloud-init[941]: +---[RSA 2048]----+
[   14.985373] cloud-init[941]: |==*+*+.o+*B.     |
[   14.985649] cloud-init[941]: |o=ooE+.o++..     |
[   14.985927] cloud-init[941]: |o+o...o.=o.      |
[   14.986223] cloud-init[941]: | . +  .*o+       |
[   14.986487] cloud-init[941]: |  . . +.S.       |
[   14.986762] cloud-init[941]: |     +..         |
[   14.987039] cloud-init[941]: |    .  .         |
[   14.987319] cloud-init[941]: |     . ..        |
[   14.987595] cloud-init[941]: |      o.         |
[   14.987873] cloud-init[941]: +----[SHA256]-----+
[   14.988638] cloud-init[941]: Generating public/private dsa key pair.
[   14.988911] cloud-init[941]: Your identification has been saved in /etc/ssh/ssh_host_dsa_key.
[   14.989474] cloud-init[941]: Your public key has been saved in /etc/ssh/ssh_host_dsa_key.pub.
[   14.989749] cloud-init[941]: The key fingerprint is:
[   14.990024] cloud-init[941]: SHA256:8m+4F6r2l+MSylHfWKwCW6DBmciSs+goM9tGC9OVO4A root@ubuntu-xenial
[   14.990315] cloud-init[941]: The key's randomart image is:
[   14.990589] cloud-init[941]: +---[DSA 1024]----+
[   14.990869] cloud-init[941]: | o o o           |
[   14.991445] cloud-init[941]: |+ o = .          |
[   14.991724] cloud-init[941]: |.=   + .   .     |
[   14.992000] cloud-init[941]: |E . + . o   o    |
[   14.992607] cloud-init[941]: |o. o ..=S. =     |
[   14.992883] cloud-init[941]: |B.o o ooo = .    |
[   14.993158] cloud-init[941]: |.O . o o.= o     |
[   14.993434] cloud-init[941]: |. +   + +.*      |
[   14.993708] cloud-init[941]: | .   ..ooBo.     |
[   14.993984] cloud-init[941]: +----[SHA256]-----+
[   14.994262] cloud-init[941]: Generating public/private ecdsa key pair.
[   14.994539] cloud-init[941]: Your identification has been saved in /etc/ssh/ssh_host_ecdsa_key.
[   14.994814] cloud-init[941]: Your public key has been saved in /etc/ssh/ssh_host_ecdsa_key.pub.
[   14.995135] cloud-init[941]: The key fingerprint is:
[   14.995418] cloud-init[941]: SHA256:M5pBTURBF3BozW/woEMeN5l+LWeYyV4MOrUVV0vqF+w root@ubuntu-xenial
[   14.995704] cloud-init[941]: The key's randomart image is:
[   14.996010] cloud-init[941]: +---[ECDSA 256]---+
[   14.996603] cloud-init[941]: |       +B*++  .o+|
[   14.996884] cloud-init[941]: |       o=oX o =..|
[   14.997176] cloud-init[941]: |      .+.= X @ + |
[   14.997461] cloud-init[941]: |     .  + + & B .|
[   14.997742] cloud-init[941]: |      . S. = * E |
[   14.998031] cloud-init[941]: |       + o  . .  |
[   14.998312] cloud-init[941]: |      o          |
[   14.998607] cloud-init[941]: |                 |
[   14.998893] cloud-init[941]: |                 |
[   14.999181] cloud-init[941]: +----[SHA256]-----+
[   15.069946] cloud-init[941]: Generating public/private ed25519 key pair.
[   15.070470] cloud-init[941]: Your identification has been saved in /etc/ssh/ssh_host_ed25519_key.
[   15.070741] cloud-init[941]: Your public key has been saved in /etc/ssh/ssh_host_ed25519_key.pub.
[   15.071023] cloud-init[941]: The key fingerprint is:
[   15.071360] cloud-init[941]: SHA256:7RWIvj6KyVzB6Uuh39cuxnpeyVm7LUG+0pJ8nzKmGrs root@ubuntu-xenial
[   15.071626] cloud-init[941]: The key's randomart image is:
[   15.071899] cloud-init[941]: +--[ED25519 256]--+
[   15.072516] cloud-init[941]: |                 |
[   15.072786] cloud-init[941]: |         . .     |
[   15.073181] cloud-init[941]: |        . . .    |
[   15.073342] cloud-init[941]: |     . o .   ..  |
[   15.073615] cloud-init[941]: |      = S . .o.  |
[   15.073896] cloud-init[941]: |     o o o o +o. |
[   15.074183] cloud-init[941]: |    . + .o.o=o.o |
[   15.074462] cloud-init[941]: |   o * +. O.*+=o.|
[   15.074742] cloud-init[941]: |    = +.+E++++++o|
[   15.075017] cloud-init[941]: +----[SHA256]-----+

[[0;32m  OK  [0m] Reached target Cloud-config availability.
[[0;32m  OK  [0m] Reached target Network is Online.
         Starting iSCSI initiator daemon (iscsid)...
[[0;32m  OK  [0m] Reached target System Initialization.
[[0;32m  OK  [0m] Started Message of the Day.
[[0;32m  OK  [0m] Listening on UUID daemon activation socket.
[[0;32m  OK  [0m] Started Ubuntu Advantage update messaging.
[[0;32m  OK  [0m] Started ACPI Events Check.
[[0;32m  OK  [0m] Reached target Paths.
         Starting LXD - unix socket.
[[0;32m  OK  [0m] Listening on D-Bus System Message Bus Socket.
         Starting Socket activation for snappy daemon.
[[0;32m  OK  [0m] Started Daily apt download activities.
[[0;32m  OK  [0m] Started Daily apt upgrade and clean activities.
[[0;32m  OK  [0m] Listening on ACPID Listen Socket.
[[0;32m  OK  [0m] Started Daily Cleanup of Temporary Directories.
[[0;32m  OK  [0m] Reached target Timers.
[[0;32m  OK  [0m] Listening on LXD - unix socket.
[[0;32m  OK  [0m] Listening on Socket activation for snappy daemon.
[[0;32m  OK  [0m] Started iSCSI initiator daemon (iscsid).
         Starting Login to default iSCSI targets...
[[0;32m  OK  [0m] Reached target Sockets.
[[0;32m  OK  [0m] Reached target Basic System.
[[0;32m  OK  [0m] Started D-Bus System Message Bus.
         Starting LSB: Record successful boot for GRUB...
[[0;32m  OK  [0m] Started ACPI event daemon.
         Starting LSB: MD monitoring daemon...
         Starting /etc/rc.local Compatibility...
         Starting LXD - container startup/shutdown...
[[0;32m  OK  [0m] Started Deferred execution scheduler.
[[0;32m  OK  [0m] Started Regular background program processing daemon.
         Starting Snap Daemon...
         Starting Accounts Service...
[[0;32m  OK  [0m] Started FUSE filesystem for LXC.
         Starting Login Service...
         Starting Pollinate to seed the pseudo random number generator...
         Starting System Logging Service...
         Starting Virtualbox guest utils...
[[0;32m  OK  [0m] Started /etc/rc.local Compatibility.
[[0;32m  OK  [0m] Started Login Service.
[[0;32m  OK  [0m] Started System Logging Service.
[[0;32m  OK  [0m] Started Unattended Upgrades Shutdown.
[[0;32m  OK  [0m] Started Login to default iSCSI targets.
[[0;32m  OK  [0m] Started LSB: Record successful boot for GRUB.
[[0;32m  OK  [0m] Started LSB: MD monitoring daemon.
         Starting Authenticate and Authorize Users to Run Privileged Tasks...
[[0;32m  OK  [0m] Reached target Remote File Systems (Pre).
[[0;32m  OK  [0m] Reached target Remote File Systems.
         Starting LSB: daemon to balance interrupts for SMP systems...
         Starting LSB: Set the CPU Frequency Scaling governor to "ondemand"...
         Starting Permit User Sessions...
         Starting LSB: automatic crash report generation...
[[0;32m  OK  [0m] Started LXD - container startup/shutdown.
[[0;32m  OK  [0m] Started Permit User Sessions.
[[0;32m  OK  [0m] Started Authenticate and Authorize Users to Run Privileged Tasks.
[[0;32m  OK  [0m] Started Accounts Service.
         Starting Hold until boot process finishes up...
         Starting Terminate Plymouth Boot Screen...
[[0;32m  OK  [0m] Started Virtualbox guest utils.
[[0;32m  OK  [0m] Started LSB: daemon to balance interrupts for SMP systems.
[[0;32m  OK  [0m] Started LSB: Set the CPU Frequency Scaling governor to "ondemand".
[[0;32m  OK  [0m] Started Hold until boot process finishes up.
[[0;32m  OK  [0m] Started LSB: automatic crash report generation.
[[0;32m  OK  [0m] Started Terminate Plymouth Boot Screen.
[[0;32m  OK  [0m] Started Getty on tty1.
         Starting Set console scheme...
[[0;32m  OK  [0m] Started Serial Getty on ttyS0.
[[0;32m  OK  [0m] Reached target Login Prompts.
[[0;32m  OK  [0m] Started Set console scheme.
[[0;32m  OK  [0m] Started Snap Daemon.
         Starting Wait until snapd is fully seeded...
[[0;32m  OK  [0m] Started Wait until snapd is fully seeded.
         Starting Apply the settings specified in cloud-config...
[   16.414251] cloud-init[1256]: Generating locales (this might take a while)...
[[0;32m  OK  [0m] Started Pollinate to seed the pseudo random number generator.
         Starting OpenBSD Secure Shell server...
[[0;32m  OK  [0m] Started OpenBSD Secure Shell server.
[[0;32m  OK  [0m] Reached target Multi-User System.
[[0;32m  OK  [0m] Reached target Graphical Interface.
         Starting Update UTMP about System Runlevel Changes...
[[0;32m  OK  [0m] Started Update UTMP about System Runlevel Changes.
[   17.243761] cloud-init[1256]:   en_US.UTF-8... done
[   17.246902] cloud-init[1256]: Generation complete.
[   17.573556] cloud-init[1256]: Cloud-init v. 21.1-19-gbad84ad4-0ubuntu1~16.04.2 running 'modules:config' at Sun, 19 Feb 2023 18:19:08 +0000. Up 16.32 seconds.
[[0;32m  OK  [0m] Started Apply the settings specified in cloud-config.
         Starting Execute cloud user/final scripts...
ci-info: no authorized SSH keys fingerprints found for user ubuntu.
[[0;32m  OK  [0m] Created slice User Slice of vagrant.
<14>Feb 19 18:19:09 ec2: 
<14>Feb 19 18:19:09 ec2: #############################################################
<14>Feb 19 18:19:09 ec2: -----BEGIN SSH HOST KEY FINGERPRINTS-----
<14>Feb 19 18:19:09 ec2: 1024 SHA256:8m+4F6r2l+MSylHfWKwCW6DBmciSs+goM9tGC9OVO4A root@ubuntu-xenial (DSA)
<14>Feb 19 18:19:09 ec2: 256 SHA256:M5pBTURBF3BozW/woEMeN5l+LWeYyV4MOrUVV0vqF+w root@ubuntu-xenial (ECDSA)
<14>Feb 19 18:19:09 ec2: 256 SHA256:7RWIvj6KyVzB6Uuh39cuxnpeyVm7LUG+0pJ8nzKmGrs root@ubuntu-xenial (ED25519)
<14>Feb 19 18:19:09 ec2: 2048 SHA256:zBGFZYE1eiolBTKwEsFv+Zl+HtSUKHS5AJAWOGd0lGk root@ubuntu-xenial (RSA)
<14>Feb 19 18:19:09 ec2: -----END SSH HOST KEY FINGERPRINTS-----
<14>Feb 19 18:19:09 ec2: #############################################################
-----BEGIN SSH HOST KEY KEYS-----
ecdsa-sha2-nistp256 AAAAE2VjZHNhLXNoYTItbmlzdHAyNTYAAAAIbmlzdHAyNTYAAABBBNMA4wxMLFXQZKPmz/7li5jQlaYtK0QcQO9x+hPIl/UQC61AFnmSKFvlk/7DDLWGPT/1pzKHgfb8Gj9K4P57e5Q= root@ubuntu-xenial
ssh-ed25519 AAAAC3NzaC1lZDI1NTE5AAAAIMMMbYN0I+udveMpWAedymI+HSk6SvNxMACFCrdKsDYy root@ubuntu-xenial
ssh-rsa AAAAB3NzaC1yc2EAAAADAQABAAABAQC76Ef5TebFr9wXKdOlhhLpj9TjmzF8FPKDtIFDPHiMc4DaX826FiYLz1pQekWnUEqBB7M+LgRCd1+X+o+m6UlxTZfIL6Gb8VL+hQVKfbVkIilOnWvg03wjWkdX9aU27myAQxv9kmMo/mv5kKMwg5hxLHDSuzwRSCvb1sgcb0bUb7+wVOWWnKrXNtMfbTwsHr1jyXs2kh4bWpos9YqFOI9rs4QOyPQv4H+HOqw604uf54gBy4oZA3nyhwGmn3KhVM55MB3l5sknzYkt+5HZLIhW9jx1mkrzdinZC8QX+zIhZNQMDoK4nlPuyZXJKGpTrU82uLhP8ACTmxUj64MExxIt root@ubuntu-xenial
-----END SSH HOST KEY KEYS-----
         Starting User Manager for UID 1000...
[   17.963245] cloud-init[1318]: Cloud-init v. 21.1-19-gbad84ad4-0ubuntu1~16.04.2 running 'modules:final' at Sun, 19 Feb 2023 18:19:09 +0000. Up 17.80 seconds.[[0;32m  OK  [0m] Started Session 1 of user vagrant.

[   17.979653] cloud-init[1318]: ci-info: no authorized SSH keys fingerprints found for user ubuntu.
[   17.990262] cloud-init[1318]: Cloud-init v. 21.1-19-gbad84ad4-0ubuntu1~16.04.2 finished at Sun, 19 Feb 2023 18:19:09 +0000. Datasource DataSourceNoCloud [seed=/dev/sdb][dsmode=net].  Up 17.95 seconds
[[0;32m  OK  [0m] Started User Manager for UID 1000.
[[0;32m  OK  [0m] Started Execute cloud user/final scripts.
[[0;32m  OK  [0m] Reached target Cloud-init target.

Ubuntu 16.04.7 LTS ubuntu-xenial ttyS0

ubuntu-xenial login: 